<?xml version="1.0" encoding="ISO-8859-1" ?>
<link_info>
   <banner>TI ARM Linker PC v20.2.4.LTS</banner>
   <copyright>Copyright (c) 1996-2018 Texas Instruments Incorporated</copyright>
   <link_time>0x60c96391</link_time>
   <link_errors>0x0</link_errors>
   <output_file>Camera_Control_04x.out</output_file>
   <entry_point>
      <name>_c_int00</name>
      <address>0x16bc0</address>
   </entry_point>
   <input_file_list>
      <input_file id="fl-2">
         <path>.\drivers\</path>
         <kind>object</kind>
         <file>CameraControl.obj</file>
         <name>CameraControl.obj</name>
      </input_file>
      <input_file id="fl-3">
         <path>.\drivers\</path>
         <kind>object</kind>
         <file>Encoder.obj</file>
         <name>Encoder.obj</name>
      </input_file>
      <input_file id="fl-4">
         <path>.\drivers\</path>
         <kind>object</kind>
         <file>MPU9250.obj</file>
         <name>MPU9250.obj</name>
      </input_file>
      <input_file id="fl-5">
         <path>.\drivers\</path>
         <kind>object</kind>
         <file>PWM.obj</file>
         <name>PWM.obj</name>
      </input_file>
      <input_file id="fl-6">
         <path>.\drivers\</path>
         <kind>object</kind>
         <file>Utilities.obj</file>
         <name>Utilities.obj</name>
      </input_file>
      <input_file id="fl-7">
         <path>.\source\</path>
         <kind>object</kind>
         <file>adc.obj</file>
         <name>adc.obj</name>
      </input_file>
      <input_file id="fl-8">
         <path>.\source\</path>
         <kind>object</kind>
         <file>dabort.obj</file>
         <name>dabort.obj</name>
      </input_file>
      <input_file id="fl-9">
         <path>.\source\</path>
         <kind>object</kind>
         <file>errata_SSWF021_45.obj</file>
         <name>errata_SSWF021_45.obj</name>
      </input_file>
      <input_file id="fl-a">
         <path>.\source\</path>
         <kind>object</kind>
         <file>esm.obj</file>
         <name>esm.obj</name>
      </input_file>
      <input_file id="fl-b">
         <path>.\source\</path>
         <kind>object</kind>
         <file>gio.obj</file>
         <name>gio.obj</name>
      </input_file>
      <input_file id="fl-c">
         <path>.\source\</path>
         <kind>object</kind>
         <file>het.obj</file>
         <name>het.obj</name>
      </input_file>
      <input_file id="fl-d">
         <path>.\source\</path>
         <kind>object</kind>
         <file>notification.obj</file>
         <name>notification.obj</name>
      </input_file>
      <input_file id="fl-e">
         <path>.\source\</path>
         <kind>object</kind>
         <file>os_croutine.obj</file>
         <name>os_croutine.obj</name>
      </input_file>
      <input_file id="fl-f">
         <path>.\source\</path>
         <kind>object</kind>
         <file>os_event_groups.obj</file>
         <name>os_event_groups.obj</name>
      </input_file>
      <input_file id="fl-10">
         <path>.\source\</path>
         <kind>object</kind>
         <file>os_heap.obj</file>
         <name>os_heap.obj</name>
      </input_file>
      <input_file id="fl-11">
         <path>.\source\</path>
         <kind>object</kind>
         <file>os_list.obj</file>
         <name>os_list.obj</name>
      </input_file>
      <input_file id="fl-12">
         <path>.\source\</path>
         <kind>object</kind>
         <file>os_mpu_wrappers.obj</file>
         <name>os_mpu_wrappers.obj</name>
      </input_file>
      <input_file id="fl-13">
         <path>.\source\</path>
         <kind>object</kind>
         <file>os_port.obj</file>
         <name>os_port.obj</name>
      </input_file>
      <input_file id="fl-14">
         <path>.\source\</path>
         <kind>object</kind>
         <file>os_portasm.obj</file>
         <name>os_portasm.obj</name>
      </input_file>
      <input_file id="fl-15">
         <path>.\source\</path>
         <kind>object</kind>
         <file>os_queue.obj</file>
         <name>os_queue.obj</name>
      </input_file>
      <input_file id="fl-16">
         <path>.\source\</path>
         <kind>object</kind>
         <file>os_tasks.obj</file>
         <name>os_tasks.obj</name>
      </input_file>
      <input_file id="fl-17">
         <path>.\source\</path>
         <kind>object</kind>
         <file>os_timer.obj</file>
         <name>os_timer.obj</name>
      </input_file>
      <input_file id="fl-18">
         <path>.\source\</path>
         <kind>object</kind>
         <file>pinmux.obj</file>
         <name>pinmux.obj</name>
      </input_file>
      <input_file id="fl-19">
         <path>.\source\</path>
         <kind>object</kind>
         <file>sci.obj</file>
         <name>sci.obj</name>
      </input_file>
      <input_file id="fl-1a">
         <path>.\source\</path>
         <kind>object</kind>
         <file>spi.obj</file>
         <name>spi.obj</name>
      </input_file>
      <input_file id="fl-1b">
         <path>.\source\</path>
         <kind>object</kind>
         <file>sys_core.obj</file>
         <name>sys_core.obj</name>
      </input_file>
      <input_file id="fl-1c">
         <path>.\source\</path>
         <kind>object</kind>
         <file>sys_intvecs.obj</file>
         <name>sys_intvecs.obj</name>
      </input_file>
      <input_file id="fl-1d">
         <path>.\source\</path>
         <kind>object</kind>
         <file>sys_main.obj</file>
         <name>sys_main.obj</name>
      </input_file>
      <input_file id="fl-1e">
         <path>.\source\</path>
         <kind>object</kind>
         <file>sys_mpu.obj</file>
         <name>sys_mpu.obj</name>
      </input_file>
      <input_file id="fl-1f">
         <path>.\source\</path>
         <kind>object</kind>
         <file>sys_pcr.obj</file>
         <name>sys_pcr.obj</name>
      </input_file>
      <input_file id="fl-20">
         <path>.\source\</path>
         <kind>object</kind>
         <file>sys_phantom.obj</file>
         <name>sys_phantom.obj</name>
      </input_file>
      <input_file id="fl-21">
         <path>.\source\</path>
         <kind>object</kind>
         <file>sys_pmu.obj</file>
         <name>sys_pmu.obj</name>
      </input_file>
      <input_file id="fl-22">
         <path>.\source\</path>
         <kind>object</kind>
         <file>sys_selftest.obj</file>
         <name>sys_selftest.obj</name>
      </input_file>
      <input_file id="fl-23">
         <path>.\source\</path>
         <kind>object</kind>
         <file>sys_startup.obj</file>
         <name>sys_startup.obj</name>
      </input_file>
      <input_file id="fl-24">
         <path>.\source\</path>
         <kind>object</kind>
         <file>sys_vim.obj</file>
         <name>sys_vim.obj</name>
      </input_file>
      <input_file id="fl-25">
         <path>.\source\</path>
         <kind>object</kind>
         <file>system.obj</file>
         <name>system.obj</name>
      </input_file>
      <input_file id="fl-29">
         <kind>object</kind>
         <file>&lt;internal&gt;</file>
         <name>&lt;internal&gt;</name>
      </input_file>
      <input_file id="fl-df">
         <path>C:\ti\ccs1031\ccs\tools\compiler\ti-cgt-arm_20.2.4.LTS\lib\</path>
         <kind>archive</kind>
         <file>rtsv7R4_A_be_eabi.lib</file>
         <name>sprintf.c.obj</name>
      </input_file>
      <input_file id="fl-e0">
         <path>C:\ti\ccs1031\ccs\tools\compiler\ti-cgt-arm_20.2.4.LTS\lib\</path>
         <kind>archive</kind>
         <file>rtsv7R4_A_be_eabi.lib</file>
         <name>e_atan2.c.obj</name>
      </input_file>
      <input_file id="fl-e1">
         <path>C:\ti\ccs1031\ccs\tools\compiler\ti-cgt-arm_20.2.4.LTS\lib\</path>
         <kind>archive</kind>
         <file>rtsv7R4_A_be_eabi.lib</file>
         <name>e_pow.c.obj</name>
      </input_file>
      <input_file id="fl-e2">
         <path>C:\ti\ccs1031\ccs\tools\compiler\ti-cgt-arm_20.2.4.LTS\lib\</path>
         <kind>archive</kind>
         <file>rtsv7R4_A_be_eabi.lib</file>
         <name>e_sqrt.c.obj</name>
      </input_file>
      <input_file id="fl-e3">
         <path>C:\ti\ccs1031\ccs\tools\compiler\ti-cgt-arm_20.2.4.LTS\lib\</path>
         <kind>archive</kind>
         <file>rtsv7R4_A_be_eabi.lib</file>
         <name>s_atan.c.obj</name>
      </input_file>
      <input_file id="fl-e4">
         <path>C:\ti\ccs1031\ccs\tools\compiler\ti-cgt-arm_20.2.4.LTS\lib\</path>
         <kind>archive</kind>
         <file>rtsv7R4_A_be_eabi.lib</file>
         <name>s_cos.c.obj</name>
      </input_file>
      <input_file id="fl-e5">
         <path>C:\ti\ccs1031\ccs\tools\compiler\ti-cgt-arm_20.2.4.LTS\lib\</path>
         <kind>archive</kind>
         <file>rtsv7R4_A_be_eabi.lib</file>
         <name>s_floor.c.obj</name>
      </input_file>
      <input_file id="fl-e6">
         <path>C:\ti\ccs1031\ccs\tools\compiler\ti-cgt-arm_20.2.4.LTS\lib\</path>
         <kind>archive</kind>
         <file>rtsv7R4_A_be_eabi.lib</file>
         <name>s_scalbn.c.obj</name>
      </input_file>
      <input_file id="fl-e7">
         <path>C:\ti\ccs1031\ccs\tools\compiler\ti-cgt-arm_20.2.4.LTS\lib\</path>
         <kind>archive</kind>
         <file>rtsv7R4_A_be_eabi.lib</file>
         <name>s_sin.c.obj</name>
      </input_file>
      <input_file id="fl-e8">
         <path>C:\ti\ccs1031\ccs\tools\compiler\ti-cgt-arm_20.2.4.LTS\lib\</path>
         <kind>archive</kind>
         <file>rtsv7R4_A_be_eabi.lib</file>
         <name>fd_add32.asm.obj</name>
      </input_file>
      <input_file id="fl-e9">
         <path>C:\ti\ccs1031\ccs\tools\compiler\ti-cgt-arm_20.2.4.LTS\lib\</path>
         <kind>archive</kind>
         <file>rtsv7R4_A_be_eabi.lib</file>
         <name>fd_cmp32.asm.obj</name>
      </input_file>
      <input_file id="fl-ea">
         <path>C:\ti\ccs1031\ccs\tools\compiler\ti-cgt-arm_20.2.4.LTS\lib\</path>
         <kind>archive</kind>
         <file>rtsv7R4_A_be_eabi.lib</file>
         <name>fd_div32.asm.obj</name>
      </input_file>
      <input_file id="fl-eb">
         <path>C:\ti\ccs1031\ccs\tools\compiler\ti-cgt-arm_20.2.4.LTS\lib\</path>
         <kind>archive</kind>
         <file>rtsv7R4_A_be_eabi.lib</file>
         <name>fd_mul32.asm.obj</name>
      </input_file>
      <input_file id="fl-ec">
         <path>C:\ti\ccs1031\ccs\tools\compiler\ti-cgt-arm_20.2.4.LTS\lib\</path>
         <kind>archive</kind>
         <file>rtsv7R4_A_be_eabi.lib</file>
         <name>fd_toi32.asm.obj</name>
      </input_file>
      <input_file id="fl-ed">
         <path>C:\ti\ccs1031\ccs\tools\compiler\ti-cgt-arm_20.2.4.LTS\lib\</path>
         <kind>archive</kind>
         <file>rtsv7R4_A_be_eabi.lib</file>
         <name>fd_tos32.asm.obj</name>
      </input_file>
      <input_file id="fl-ee">
         <path>C:\ti\ccs1031\ccs\tools\compiler\ti-cgt-arm_20.2.4.LTS\lib\</path>
         <kind>archive</kind>
         <file>rtsv7R4_A_be_eabi.lib</file>
         <name>fd_tou32.asm.obj</name>
      </input_file>
      <input_file id="fl-ef">
         <path>C:\ti\ccs1031\ccs\tools\compiler\ti-cgt-arm_20.2.4.LTS\lib\</path>
         <kind>archive</kind>
         <file>rtsv7R4_A_be_eabi.lib</file>
         <name>fs_add32.asm.obj</name>
      </input_file>
      <input_file id="fl-f0">
         <path>C:\ti\ccs1031\ccs\tools\compiler\ti-cgt-arm_20.2.4.LTS\lib\</path>
         <kind>archive</kind>
         <file>rtsv7R4_A_be_eabi.lib</file>
         <name>fs_cmp32.asm.obj</name>
      </input_file>
      <input_file id="fl-f1">
         <path>C:\ti\ccs1031\ccs\tools\compiler\ti-cgt-arm_20.2.4.LTS\lib\</path>
         <kind>archive</kind>
         <file>rtsv7R4_A_be_eabi.lib</file>
         <name>fs_mul32.asm.obj</name>
      </input_file>
      <input_file id="fl-f2">
         <path>C:\ti\ccs1031\ccs\tools\compiler\ti-cgt-arm_20.2.4.LTS\lib\</path>
         <kind>archive</kind>
         <file>rtsv7R4_A_be_eabi.lib</file>
         <name>fs_tod32.asm.obj</name>
      </input_file>
      <input_file id="fl-f3">
         <path>C:\ti\ccs1031\ccs\tools\compiler\ti-cgt-arm_20.2.4.LTS\lib\</path>
         <kind>archive</kind>
         <file>rtsv7R4_A_be_eabi.lib</file>
         <name>fs_toi32.asm.obj</name>
      </input_file>
      <input_file id="fl-f4">
         <path>C:\ti\ccs1031\ccs\tools\compiler\ti-cgt-arm_20.2.4.LTS\lib\</path>
         <kind>archive</kind>
         <file>rtsv7R4_A_be_eabi.lib</file>
         <name>i_tofd32.asm.obj</name>
      </input_file>
      <input_file id="fl-f5">
         <path>C:\ti\ccs1031\ccs\tools\compiler\ti-cgt-arm_20.2.4.LTS\lib\</path>
         <kind>archive</kind>
         <file>rtsv7R4_A_be_eabi.lib</file>
         <name>i_tofs32.asm.obj</name>
      </input_file>
      <input_file id="fl-f6">
         <path>C:\ti\ccs1031\ccs\tools\compiler\ti-cgt-arm_20.2.4.LTS\lib\</path>
         <kind>archive</kind>
         <file>rtsv7R4_A_be_eabi.lib</file>
         <name>memcpy32.asm.obj</name>
      </input_file>
      <input_file id="fl-f7">
         <path>C:\ti\ccs1031\ccs\tools\compiler\ti-cgt-arm_20.2.4.LTS\lib\</path>
         <kind>archive</kind>
         <file>rtsv7R4_A_be_eabi.lib</file>
         <name>u_tofd32.asm.obj</name>
      </input_file>
      <input_file id="fl-f8">
         <path>C:\ti\ccs1031\ccs\tools\compiler\ti-cgt-arm_20.2.4.LTS\lib\</path>
         <kind>archive</kind>
         <file>rtsv7R4_A_be_eabi.lib</file>
         <name>memset32.asm.obj</name>
      </input_file>
      <input_file id="fl-f9">
         <path>C:\ti\ccs1031\ccs\tools\compiler\ti-cgt-arm_20.2.4.LTS\lib\</path>
         <kind>archive</kind>
         <file>rtsv7R4_A_be_eabi.lib</file>
         <name>u_div32.asm.obj</name>
      </input_file>
      <input_file id="fl-fa">
         <path>C:\ti\ccs1031\ccs\tools\compiler\ti-cgt-arm_20.2.4.LTS\lib\</path>
         <kind>archive</kind>
         <file>rtsv7R4_A_be_eabi.lib</file>
         <name>autoinit.c.obj</name>
      </input_file>
      <input_file id="fl-fb">
         <path>C:\ti\ccs1031\ccs\tools\compiler\ti-cgt-arm_20.2.4.LTS\lib\</path>
         <kind>archive</kind>
         <file>rtsv7R4_A_be_eabi.lib</file>
         <name>cpy_tbl.c.obj</name>
      </input_file>
      <input_file id="fl-fc">
         <path>C:\ti\ccs1031\ccs\tools\compiler\ti-cgt-arm_20.2.4.LTS\lib\</path>
         <kind>archive</kind>
         <file>rtsv7R4_A_be_eabi.lib</file>
         <name>copy_zero_init.c.obj</name>
      </input_file>
      <input_file id="fl-fd">
         <path>C:\ti\ccs1031\ccs\tools\compiler\ti-cgt-arm_20.2.4.LTS\lib\</path>
         <kind>archive</kind>
         <file>rtsv7R4_A_be_eabi.lib</file>
         <name>copy_decompress_none.c.obj</name>
      </input_file>
      <input_file id="fl-fe">
         <path>C:\ti\ccs1031\ccs\tools\compiler\ti-cgt-arm_20.2.4.LTS\lib\</path>
         <kind>archive</kind>
         <file>rtsv7R4_A_be_eabi.lib</file>
         <name>copy_decompress_lzss.c.obj</name>
      </input_file>
      <input_file id="fl-ff">
         <path>C:\ti\ccs1031\ccs\tools\compiler\ti-cgt-arm_20.2.4.LTS\lib\</path>
         <kind>archive</kind>
         <file>rtsv7R4_A_be_eabi.lib</file>
         <name>k_rem_pio2.c.obj</name>
      </input_file>
      <input_file id="fl-100">
         <path>C:\ti\ccs1031\ccs\tools\compiler\ti-cgt-arm_20.2.4.LTS\lib\</path>
         <kind>archive</kind>
         <file>rtsv7R4_A_be_eabi.lib</file>
         <name>exit.c.obj</name>
      </input_file>
      <input_file id="fl-101">
         <path>C:\ti\ccs1031\ccs\tools\compiler\ti-cgt-arm_20.2.4.LTS\lib\</path>
         <kind>archive</kind>
         <file>rtsv7R4_A_be_eabi.lib</file>
         <name>_lock.c.obj</name>
      </input_file>
      <input_file id="fl-102">
         <path>C:\ti\ccs1031\ccs\tools\compiler\ti-cgt-arm_20.2.4.LTS\lib\</path>
         <kind>archive</kind>
         <file>rtsv7R4_A_be_eabi.lib</file>
         <name>strlen.c.obj</name>
      </input_file>
      <input_file id="fl-103">
         <path>C:\ti\ccs1031\ccs\tools\compiler\ti-cgt-arm_20.2.4.LTS\lib\</path>
         <kind>archive</kind>
         <file>rtsv7R4_A_be_eabi.lib</file>
         <name>errno.c.obj</name>
      </input_file>
      <input_file id="fl-104">
         <path>C:\ti\ccs1031\ccs\tools\compiler\ti-cgt-arm_20.2.4.LTS\lib\</path>
         <kind>archive</kind>
         <file>rtsv7R4_A_be_eabi.lib</file>
         <name>s_copysign.c.obj</name>
      </input_file>
      <input_file id="fl-105">
         <path>C:\ti\ccs1031\ccs\tools\compiler\ti-cgt-arm_20.2.4.LTS\lib\</path>
         <kind>archive</kind>
         <file>rtsv7R4_A_be_eabi.lib</file>
         <name>_printfi.c.obj</name>
      </input_file>
      <input_file id="fl-106">
         <path>C:\ti\ccs1031\ccs\tools\compiler\ti-cgt-arm_20.2.4.LTS\lib\</path>
         <kind>archive</kind>
         <file>rtsv7R4_A_be_eabi.lib</file>
         <name>wcslen.c.obj</name>
      </input_file>
      <input_file id="fl-107">
         <path>C:\ti\ccs1031\ccs\tools\compiler\ti-cgt-arm_20.2.4.LTS\lib\</path>
         <kind>archive</kind>
         <file>rtsv7R4_A_be_eabi.lib</file>
         <name>k_cos.c.obj</name>
      </input_file>
      <input_file id="fl-108">
         <path>C:\ti\ccs1031\ccs\tools\compiler\ti-cgt-arm_20.2.4.LTS\lib\</path>
         <kind>archive</kind>
         <file>rtsv7R4_A_be_eabi.lib</file>
         <name>k_sin.c.obj</name>
      </input_file>
      <input_file id="fl-109">
         <path>C:\ti\ccs1031\ccs\tools\compiler\ti-cgt-arm_20.2.4.LTS\lib\</path>
         <kind>archive</kind>
         <file>rtsv7R4_A_be_eabi.lib</file>
         <name>s_frexp.c.obj</name>
      </input_file>
      <input_file id="fl-10a">
         <path>C:\ti\ccs1031\ccs\tools\compiler\ti-cgt-arm_20.2.4.LTS\lib\</path>
         <kind>archive</kind>
         <file>rtsv7R4_A_be_eabi.lib</file>
         <name>div0.asm.obj</name>
      </input_file>
      <input_file id="fl-10b">
         <path>C:\ti\ccs1031\ccs\tools\compiler\ti-cgt-arm_20.2.4.LTS\lib\</path>
         <kind>archive</kind>
         <file>rtsv7R4_A_be_eabi.lib</file>
         <name>ull_div32.asm.obj</name>
      </input_file>
      <input_file id="fl-10c">
         <path>C:\ti\ccs1031\ccs\tools\compiler\ti-cgt-arm_20.2.4.LTS\lib\</path>
         <kind>archive</kind>
         <file>rtsv7R4_A_be_eabi.lib</file>
         <name>i_div32.asm.obj</name>
      </input_file>
      <input_file id="fl-10d">
         <path>C:\ti\ccs1031\ccs\tools\compiler\ti-cgt-arm_20.2.4.LTS\lib\</path>
         <kind>archive</kind>
         <file>rtsv7R4_A_be_eabi.lib</file>
         <name>_ltoa.c.obj</name>
      </input_file>
      <input_file id="fl-10e">
         <path>C:\ti\ccs1031\ccs\tools\compiler\ti-cgt-arm_20.2.4.LTS\lib\</path>
         <kind>archive</kind>
         <file>rtsv7R4_A_be_eabi.lib</file>
         <name>atoi.c.obj</name>
      </input_file>
      <input_file id="fl-10f">
         <path>C:\ti\ccs1031\ccs\tools\compiler\ti-cgt-arm_20.2.4.LTS\lib\</path>
         <kind>archive</kind>
         <file>rtsv7R4_A_be_eabi.lib</file>
         <name>ctype.c.obj</name>
      </input_file>
      <input_file id="fl-110">
         <path>C:\ti\ccs1031\ccs\tools\compiler\ti-cgt-arm_20.2.4.LTS\lib\</path>
         <kind>archive</kind>
         <file>rtsv7R4_A_be_eabi.lib</file>
         <name>memccpy.c.obj</name>
      </input_file>
      <input_file id="fl-111">
         <path>C:\ti\ccs1031\ccs\tools\compiler\ti-cgt-arm_20.2.4.LTS\lib\</path>
         <kind>archive</kind>
         <file>rtsv7R4_A_be_eabi.lib</file>
         <name>strchr.c.obj</name>
      </input_file>
   </input_file_list>
   <object_component_list>
      <object_component id="oc-33">
         <name>.intvecs</name>
         <load_address>0x0</load_address>
         <run_address>0x0</run_address>
         <size>0x20</size>
         <input_file_ref idref="fl-1c"/>
      </object_component>
      <object_component id="oc-156">
         <name>.kernelTEXT</name>
         <load_address>0x20</load_address>
         <run_address>0x20</run_address>
         <size>0x2bb8</size>
         <input_file_ref idref="fl-16"/>
      </object_component>
      <object_component id="oc-25b">
         <name>.kernelTEXT</name>
         <load_address>0x2bd8</load_address>
         <run_address>0x2bd8</run_address>
         <size>0x11d4</size>
         <input_file_ref idref="fl-15"/>
      </object_component>
      <object_component id="oc-261">
         <name>.kernelTEXT</name>
         <load_address>0x3dac</load_address>
         <run_address>0x3dac</run_address>
         <size>0x818</size>
         <input_file_ref idref="fl-f"/>
      </object_component>
      <object_component id="oc-28e">
         <name>.kernelTEXT</name>
         <load_address>0x45c4</load_address>
         <run_address>0x45c4</run_address>
         <size>0x3bc</size>
         <input_file_ref idref="fl-13"/>
      </object_component>
      <object_component id="oc-a5">
         <name>.kernelTEXT</name>
         <load_address>0x4980</load_address>
         <run_address>0x4980</run_address>
         <size>0x3b0</size>
         <input_file_ref idref="fl-14"/>
      </object_component>
      <object_component id="oc-282">
         <name>.kernelTEXT</name>
         <load_address>0x4d30</load_address>
         <run_address>0x4d30</run_address>
         <size>0x37c</size>
         <input_file_ref idref="fl-10"/>
      </object_component>
      <object_component id="oc-605">
         <name>.cinit..data.load</name>
         <load_address>0x50b0</load_address>
         <run_address>0x50b0</run_address>
         <size>0xd</size>
      </object_component>
      <object_component id="oc-600">
         <name>__TI_handler_table</name>
         <load_address>0x50c0</load_address>
         <run_address>0x50c0</run_address>
         <size>0xc</size>
      </object_component>
      <object_component id="oc-602">
         <name>.cinit..kernelBSS.load</name>
         <load_address>0x50cc</load_address>
         <run_address>0x50cc</run_address>
         <size>0x9</size>
      </object_component>
      <object_component id="oc-604">
         <name>.cinit..bss.load</name>
         <load_address>0x50d8</load_address>
         <run_address>0x50d8</run_address>
         <size>0x8</size>
      </object_component>
      <object_component id="oc-603">
         <name>.cinit..kernelHEAP.load</name>
         <load_address>0x50e0</load_address>
         <run_address>0x50e0</run_address>
         <size>0x8</size>
      </object_component>
      <object_component id="oc-601">
         <name>__TI_cinit_table</name>
         <load_address>0x50e8</load_address>
         <run_address>0x50e8</run_address>
         <size>0x20</size>
      </object_component>
      <object_component id="oc-84">
         <name>.text</name>
         <load_address>0x8020</load_address>
         <run_address>0x8020</run_address>
         <size>0x24f0</size>
         <input_file_ref idref="fl-22"/>
      </object_component>
      <object_component id="oc-29f">
         <name>.text</name>
         <load_address>0xa510</load_address>
         <run_address>0xa510</run_address>
         <size>0x1734</size>
         <input_file_ref idref="fl-4"/>
      </object_component>
      <object_component id="oc-144">
         <name>.text</name>
         <load_address>0xbc44</load_address>
         <run_address>0xbc44</run_address>
         <size>0x10ec</size>
         <input_file_ref idref="fl-1a"/>
      </object_component>
      <object_component id="oc-3f8">
         <name>.text:__TI_printfi</name>
         <load_address>0xcd30</load_address>
         <run_address>0xcd30</run_address>
         <size>0xff0</size>
         <input_file_ref idref="fl-105"/>
      </object_component>
      <object_component id="oc-475">
         <name>.text:pow</name>
         <load_address>0xdd20</load_address>
         <run_address>0xdd20</run_address>
         <size>0xe8c</size>
         <input_file_ref idref="fl-e1"/>
      </object_component>
      <object_component id="oc-7e">
         <name>.text</name>
         <load_address>0xebac</load_address>
         <run_address>0xebac</run_address>
         <size>0xaa0</size>
         <input_file_ref idref="fl-25"/>
      </object_component>
      <object_component id="oc-3e7">
         <name>.text:__kernel_rem_pio2</name>
         <load_address>0xf64c</load_address>
         <run_address>0xf64c</run_address>
         <size>0x9fc</size>
         <input_file_ref idref="fl-ff"/>
      </object_component>
      <object_component id="oc-150">
         <name>.text</name>
         <load_address>0x10048</load_address>
         <run_address>0x10048</run_address>
         <size>0x9a0</size>
         <input_file_ref idref="fl-12"/>
      </object_component>
      <object_component id="oc-13e">
         <name>.text</name>
         <load_address>0x109e8</load_address>
         <run_address>0x109e8</run_address>
         <size>0x8fc</size>
         <input_file_ref idref="fl-c"/>
      </object_component>
      <object_component id="oc-2d5">
         <name>.text:cos</name>
         <load_address>0x112e4</load_address>
         <run_address>0x112e4</run_address>
         <size>0x8b0</size>
         <input_file_ref idref="fl-e4"/>
      </object_component>
      <object_component id="oc-40">
         <name>.text</name>
         <load_address>0x11b94</load_address>
         <run_address>0x11b94</run_address>
         <size>0x89c</size>
         <input_file_ref idref="fl-24"/>
      </object_component>
      <object_component id="oc-2cf">
         <name>.text:sin</name>
         <load_address>0x12430</load_address>
         <run_address>0x12430</run_address>
         <size>0x894</size>
         <input_file_ref idref="fl-e7"/>
      </object_component>
      <object_component id="oc-2d">
         <name>.text:retain</name>
         <load_address>0x12cc4</load_address>
         <run_address>0x12cc4</run_address>
         <size>0x74c</size>
         <input_file_ref idref="fl-1a"/>
      </object_component>
      <object_component id="oc-14a">
         <name>.text</name>
         <load_address>0x13410</load_address>
         <run_address>0x13410</run_address>
         <size>0x6e4</size>
         <input_file_ref idref="fl-19"/>
      </object_component>
      <object_component id="oc-72">
         <name>.text</name>
         <load_address>0x13af4</load_address>
         <run_address>0x13af4</run_address>
         <size>0x664</size>
         <input_file_ref idref="fl-9"/>
      </object_component>
      <object_component id="oc-8a">
         <name>.text</name>
         <load_address>0x14158</load_address>
         <run_address>0x14158</run_address>
         <size>0x5bc</size>
         <input_file_ref idref="fl-a"/>
      </object_component>
      <object_component id="oc-3d2">
         <name>.text:atan</name>
         <load_address>0x14714</load_address>
         <run_address>0x14714</run_address>
         <size>0x44c</size>
         <input_file_ref idref="fl-e3"/>
      </object_component>
      <object_component id="oc-138">
         <name>.text</name>
         <load_address>0x14b60</load_address>
         <run_address>0x14b60</run_address>
         <size>0x36c</size>
         <input_file_ref idref="fl-b"/>
      </object_component>
      <object_component id="oc-4df">
         <name>.text:_pconv_a</name>
         <load_address>0x14ecc</load_address>
         <run_address>0x14ecc</run_address>
         <size>0x364</size>
         <input_file_ref idref="fl-105"/>
      </object_component>
      <object_component id="oc-15c">
         <name>.text</name>
         <load_address>0x15230</load_address>
         <run_address>0x15230</run_address>
         <size>0x344</size>
         <input_file_ref idref="fl-2"/>
      </object_component>
      <object_component id="oc-6d">
         <name>.text</name>
         <load_address>0x15574</load_address>
         <run_address>0x15574</run_address>
         <size>0x2d0</size>
         <input_file_ref idref="fl-1b"/>
      </object_component>
      <object_component id="oc-4cd">
         <name>.text:_pconv_g</name>
         <load_address>0x15844</load_address>
         <run_address>0x15844</run_address>
         <size>0x2c0</size>
         <input_file_ref idref="fl-105"/>
      </object_component>
      <object_component id="oc-54c">
         <name>.text</name>
         <load_address>0x15b04</load_address>
         <run_address>0x15b04</run_address>
         <size>0x2b8</size>
         <input_file_ref idref="fl-10b"/>
      </object_component>
      <object_component id="oc-2bf">
         <name>.text:atan2</name>
         <load_address>0x15dbc</load_address>
         <run_address>0x15dbc</run_address>
         <size>0x28c</size>
         <input_file_ref idref="fl-e0"/>
      </object_component>
      <object_component id="oc-389">
         <name>.text</name>
         <load_address>0x16048</load_address>
         <run_address>0x16048</run_address>
         <size>0x278</size>
         <input_file_ref idref="fl-10"/>
      </object_component>
      <object_component id="oc-3e">
         <name>.text:retain</name>
         <load_address>0x162c0</load_address>
         <run_address>0x162c0</run_address>
         <size>0x268</size>
         <input_file_ref idref="fl-24"/>
      </object_component>
      <object_component id="oc-3b1">
         <name>.text</name>
         <load_address>0x16528</load_address>
         <run_address>0x16528</run_address>
         <size>0x23c</size>
         <input_file_ref idref="fl-6"/>
      </object_component>
      <object_component id="oc-288">
         <name>.text</name>
         <load_address>0x16764</load_address>
         <run_address>0x16764</run_address>
         <size>0x238</size>
         <input_file_ref idref="fl-11"/>
      </object_component>
      <object_component id="oc-3dc">
         <name>.text:__kernel_sin</name>
         <load_address>0x1699c</load_address>
         <run_address>0x1699c</run_address>
         <size>0x224</size>
         <input_file_ref idref="fl-108"/>
      </object_component>
      <object_component id="oc-1e">
         <name>.text:retain</name>
         <load_address>0x16bc0</load_address>
         <run_address>0x16bc0</run_address>
         <size>0x214</size>
         <input_file_ref idref="fl-23"/>
      </object_component>
      <object_component id="oc-245">
         <name>.text</name>
         <load_address>0x16dd4</load_address>
         <run_address>0x16dd4</run_address>
         <size>0x214</size>
         <input_file_ref idref="fl-e8"/>
      </object_component>
      <object_component id="oc-3ed">
         <name>.text:__kernel_cos</name>
         <load_address>0x16fe8</load_address>
         <run_address>0x16fe8</run_address>
         <size>0x210</size>
         <input_file_ref idref="fl-107"/>
      </object_component>
      <object_component id="oc-511">
         <name>.text:sqrt</name>
         <load_address>0x171f8</load_address>
         <run_address>0x171f8</run_address>
         <size>0x1ec</size>
         <input_file_ref idref="fl-e2"/>
      </object_component>
      <object_component id="oc-4d9">
         <name>.text:_pconv_e</name>
         <load_address>0x173e4</load_address>
         <run_address>0x173e4</run_address>
         <size>0x1b0</size>
         <input_file_ref idref="fl-105"/>
      </object_component>
      <object_component id="oc-399">
         <name>.text</name>
         <load_address>0x17594</load_address>
         <run_address>0x17594</run_address>
         <size>0x1b0</size>
         <input_file_ref idref="fl-13"/>
      </object_component>
      <object_component id="oc-565">
         <name>.text:fcvt</name>
         <load_address>0x17744</load_address>
         <run_address>0x17744</run_address>
         <size>0x1ac</size>
         <input_file_ref idref="fl-105"/>
      </object_component>
      <object_component id="oc-2e6">
         <name>.text</name>
         <load_address>0x178f0</load_address>
         <run_address>0x178f0</run_address>
         <size>0x198</size>
         <input_file_ref idref="fl-5"/>
      </object_component>
      <object_component id="oc-228">
         <name>.text</name>
         <load_address>0x17a88</load_address>
         <run_address>0x17a88</run_address>
         <size>0x190</size>
         <input_file_ref idref="fl-ea"/>
      </object_component>
      <object_component id="oc-55">
         <name>.text</name>
         <load_address>0x17c18</load_address>
         <run_address>0x17c18</run_address>
         <size>0x180</size>
         <input_file_ref idref="fl-f6"/>
      </object_component>
      <object_component id="oc-24a">
         <name>.text:floor</name>
         <load_address>0x17d98</load_address>
         <run_address>0x17d98</run_address>
         <size>0x158</size>
         <input_file_ref idref="fl-e5"/>
      </object_component>
      <object_component id="oc-255">
         <name>.text</name>
         <load_address>0x17ef0</load_address>
         <run_address>0x17ef0</run_address>
         <size>0x158</size>
         <input_file_ref idref="fl-16"/>
      </object_component>
      <object_component id="oc-f2">
         <name>.text</name>
         <load_address>0x18048</load_address>
         <run_address>0x18048</run_address>
         <size>0x154</size>
         <input_file_ref idref="fl-18"/>
      </object_component>
      <object_component id="oc-2ca">
         <name>.text</name>
         <load_address>0x1819c</load_address>
         <run_address>0x1819c</run_address>
         <size>0x134</size>
         <input_file_ref idref="fl-ef"/>
      </object_component>
      <object_component id="oc-223">
         <name>.text</name>
         <load_address>0x182d0</load_address>
         <run_address>0x182d0</run_address>
         <size>0x128</size>
         <input_file_ref idref="fl-eb"/>
      </object_component>
      <object_component id="oc-4a5">
         <name>.text:scalbn</name>
         <load_address>0x183f8</load_address>
         <run_address>0x183f8</run_address>
         <size>0x120</size>
         <input_file_ref idref="fl-e6"/>
      </object_component>
      <object_component id="oc-4c7">
         <name>.text:_ltostr</name>
         <load_address>0x18518</load_address>
         <run_address>0x18518</run_address>
         <size>0x115</size>
         <input_file_ref idref="fl-105"/>
      </object_component>
      <object_component id="oc-2a5">
         <name>.text</name>
         <load_address>0x18630</load_address>
         <run_address>0x18630</run_address>
         <size>0x104</size>
         <input_file_ref idref="fl-3"/>
      </object_component>
      <object_component id="oc-99">
         <name>.text</name>
         <load_address>0x18734</load_address>
         <run_address>0x18734</run_address>
         <size>0xf8</size>
         <input_file_ref idref="fl-d"/>
      </object_component>
      <object_component id="oc-24">
         <name>.text:retain</name>
         <load_address>0x1882c</load_address>
         <run_address>0x1882c</run_address>
         <size>0xec</size>
         <input_file_ref idref="fl-a"/>
      </object_component>
      <object_component id="oc-b7">
         <name>.text</name>
         <load_address>0x18918</load_address>
         <run_address>0x18918</run_address>
         <size>0xe8</size>
         <input_file_ref idref="fl-8"/>
      </object_component>
      <object_component id="oc-3e2">
         <name>.text:__aeabi_cdcmple</name>
         <load_address>0x18a00</load_address>
         <run_address>0x18a00</run_address>
         <size>0xe0</size>
         <input_file_ref idref="fl-e9"/>
      </object_component>
      <object_component id="oc-35e">
         <name>.text:__aeabi_cdrcmple</name>
         <load_address>0x18ae0</load_address>
         <run_address>0x18ae0</run_address>
         <size>0xe0</size>
         <input_file_ref idref="fl-e9"/>
      </object_component>
      <object_component id="oc-fa">
         <name>.text</name>
         <load_address>0x18bc0</load_address>
         <run_address>0x18bc0</run_address>
         <size>0xe0</size>
         <input_file_ref idref="fl-21"/>
      </object_component>
      <object_component id="oc-55e">
         <name>.text:_mcpy</name>
         <load_address>0x18ca0</load_address>
         <run_address>0x18ca0</run_address>
         <size>0xc8</size>
         <input_file_ref idref="fl-105"/>
      </object_component>
      <object_component id="oc-e4">
         <name>.text</name>
         <load_address>0x18d68</load_address>
         <run_address>0x18d68</run_address>
         <size>0xb0</size>
         <input_file_ref idref="fl-f8"/>
      </object_component>
      <object_component id="oc-2b5">
         <name>.text</name>
         <load_address>0x18e18</load_address>
         <run_address>0x18e18</run_address>
         <size>0xa8</size>
         <input_file_ref idref="fl-f1"/>
      </object_component>
      <object_component id="oc-2b0">
         <name>.text</name>
         <load_address>0x18ec0</load_address>
         <run_address>0x18ec0</run_address>
         <size>0x9c</size>
         <input_file_ref idref="fl-ed"/>
      </object_component>
      <object_component id="oc-558">
         <name>.text:_ecpy</name>
         <load_address>0x18f5c</load_address>
         <run_address>0x18f5c</run_address>
         <size>0x98</size>
         <input_file_ref idref="fl-105"/>
      </object_component>
      <object_component id="oc-11">
         <name>.text:decompress:lzss:__TI_decompress_lzss</name>
         <load_address>0x18ff4</load_address>
         <run_address>0x18ff4</run_address>
         <size>0x90</size>
         <input_file_ref idref="fl-fe"/>
      </object_component>
      <object_component id="oc-2c5">
         <name>.text:__aeabi_cfcmple</name>
         <load_address>0x19084</load_address>
         <run_address>0x19084</run_address>
         <size>0x88</size>
         <input_file_ref idref="fl-f0"/>
      </object_component>
      <object_component id="oc-4d3">
         <name>.text:_pconv_f</name>
         <load_address>0x1910c</load_address>
         <run_address>0x1910c</run_address>
         <size>0x84</size>
         <input_file_ref idref="fl-105"/>
      </object_component>
      <object_component id="oc-4c1">
         <name>.text:atoi</name>
         <load_address>0x19190</load_address>
         <run_address>0x19190</run_address>
         <size>0x84</size>
         <input_file_ref idref="fl-10e"/>
      </object_component>
      <object_component id="oc-552">
         <name>.text:__TI_ltoa</name>
         <load_address>0x19214</load_address>
         <run_address>0x19214</run_address>
         <size>0x80</size>
         <input_file_ref idref="fl-10d"/>
      </object_component>
      <object_component id="oc-573">
         <name>.text:frexp</name>
         <load_address>0x19294</load_address>
         <run_address>0x19294</run_address>
         <size>0x7c</size>
         <input_file_ref idref="fl-109"/>
      </object_component>
      <object_component id="oc-91">
         <name>.text</name>
         <load_address>0x19310</load_address>
         <run_address>0x19310</run_address>
         <size>0x70</size>
         <input_file_ref idref="fl-1d"/>
      </object_component>
      <object_component id="oc-108">
         <name>.text:__TI_auto_init_nobinit_nopinit:__TI_auto_init_nobinit_nopinit</name>
         <load_address>0x19380</load_address>
         <run_address>0x19380</run_address>
         <size>0x68</size>
         <input_file_ref idref="fl-fa"/>
      </object_component>
      <object_component id="oc-56b">
         <name>.text:_fcpy</name>
         <load_address>0x193e8</load_address>
         <run_address>0x193e8</run_address>
         <size>0x64</size>
         <input_file_ref idref="fl-105"/>
      </object_component>
      <object_component id="oc-2e0">
         <name>.text:sprintf</name>
         <load_address>0x1944c</load_address>
         <run_address>0x1944c</run_address>
         <size>0x64</size>
         <input_file_ref idref="fl-df"/>
      </object_component>
      <object_component id="oc-2db">
         <name>.text</name>
         <load_address>0x194b0</load_address>
         <run_address>0x194b0</run_address>
         <size>0x5c</size>
         <input_file_ref idref="fl-ec"/>
      </object_component>
      <object_component id="oc-2ba">
         <name>.text</name>
         <load_address>0x1950c</load_address>
         <run_address>0x1950c</run_address>
         <size>0x5c</size>
         <input_file_ref idref="fl-f2"/>
      </object_component>
      <object_component id="oc-22d">
         <name>.text</name>
         <load_address>0x19568</load_address>
         <run_address>0x19568</run_address>
         <size>0x58</size>
         <input_file_ref idref="fl-ee"/>
      </object_component>
      <object_component id="oc-4a0">
         <name>.text</name>
         <load_address>0x195c0</load_address>
         <run_address>0x195c0</run_address>
         <size>0x54</size>
         <input_file_ref idref="fl-10c"/>
      </object_component>
      <object_component id="oc-21e">
         <name>.text</name>
         <load_address>0x19614</load_address>
         <run_address>0x19614</run_address>
         <size>0x50</size>
         <input_file_ref idref="fl-f9"/>
      </object_component>
      <object_component id="oc-470">
         <name>.text</name>
         <load_address>0x19664</load_address>
         <run_address>0x19664</run_address>
         <size>0x4c</size>
         <input_file_ref idref="fl-f3"/>
      </object_component>
      <object_component id="oc-3ac">
         <name>.text</name>
         <load_address>0x196b0</load_address>
         <run_address>0x196b0</run_address>
         <size>0x4c</size>
         <input_file_ref idref="fl-f5"/>
      </object_component>
      <object_component id="oc-2ab">
         <name>.text</name>
         <load_address>0x196fc</load_address>
         <run_address>0x196fc</run_address>
         <size>0x3c</size>
         <input_file_ref idref="fl-f4"/>
      </object_component>
      <object_component id="oc-232">
         <name>.text</name>
         <load_address>0x19738</load_address>
         <run_address>0x19738</run_address>
         <size>0x34</size>
         <input_file_ref idref="fl-f7"/>
      </object_component>
      <object_component id="oc-3fe">
         <name>.text:_outs</name>
         <load_address>0x1976c</load_address>
         <run_address>0x1976c</run_address>
         <size>0x30</size>
         <input_file_ref idref="fl-df"/>
      </object_component>
      <object_component id="oc-4e5">
         <name>.text:memccpy</name>
         <load_address>0x1979c</load_address>
         <run_address>0x1979c</run_address>
         <size>0x30</size>
         <input_file_ref idref="fl-110"/>
      </object_component>
      <object_component id="oc-579">
         <name>.text:strchr</name>
         <load_address>0x197cc</load_address>
         <run_address>0x197cc</run_address>
         <size>0x28</size>
         <input_file_ref idref="fl-111"/>
      </object_component>
      <object_component id="oc-4eb">
         <name>.text:wcslen</name>
         <load_address>0x197f4</load_address>
         <run_address>0x197f4</run_address>
         <size>0x24</size>
         <input_file_ref idref="fl-106"/>
      </object_component>
      <object_component id="oc-297">
         <name>.text:strlen</name>
         <load_address>0x19818</load_address>
         <run_address>0x19818</run_address>
         <size>0x20</size>
         <input_file_ref idref="fl-102"/>
      </object_component>
      <object_component id="oc-404">
         <name>.text:_outc</name>
         <load_address>0x19838</load_address>
         <run_address>0x19838</run_address>
         <size>0x14</size>
         <input_file_ref idref="fl-df"/>
      </object_component>
      <object_component id="oc-17">
         <name>.text:decompress:none:__TI_decompress_none</name>
         <load_address>0x1984c</load_address>
         <run_address>0x1984c</run_address>
         <size>0x14</size>
         <input_file_ref idref="fl-fd"/>
      </object_component>
      <object_component id="oc-67">
         <name>.text:decompress:ZI:__TI_zero_init</name>
         <load_address>0x19860</load_address>
         <run_address>0x19860</run_address>
         <size>0x10</size>
         <input_file_ref idref="fl-fc"/>
      </object_component>
      <object_component id="oc-4f1">
         <name>.text:__aeabi_errno_addr</name>
         <load_address>0x19870</load_address>
         <run_address>0x19870</run_address>
         <size>0xc</size>
         <input_file_ref idref="fl-103"/>
      </object_component>
      <object_component id="oc-530">
         <name>.text:copysign</name>
         <load_address>0x1987c</load_address>
         <run_address>0x1987c</run_address>
         <size>0xc</size>
         <input_file_ref idref="fl-104"/>
      </object_component>
      <object_component id="oc-164">
         <name>.text:abort:abort</name>
         <load_address>0x19888</load_address>
         <run_address>0x19888</run_address>
         <size>0x8</size>
         <input_file_ref idref="fl-100"/>
      </object_component>
      <object_component id="oc-38">
         <name>.text:retain</name>
         <load_address>0x19890</load_address>
         <run_address>0x19890</run_address>
         <size>0x4</size>
         <input_file_ref idref="fl-20"/>
      </object_component>
      <object_component id="oc-34d">
         <name>.text</name>
         <load_address>0x19894</load_address>
         <run_address>0x19894</run_address>
         <size>0x4</size>
         <input_file_ref idref="fl-10a"/>
      </object_component>
      <object_component id="oc-78">
         <name>.text</name>
         <load_address>0x19898</load_address>
         <run_address>0x19898</run_address>
         <size>0x4</size>
         <input_file_ref idref="fl-23"/>
      </object_component>
      <object_component id="oc-237">
         <name>.const:het1PROGRAM</name>
         <load_address>0x198a0</load_address>
         <run_address>0x198a0</run_address>
         <size>0x3a0</size>
         <input_file_ref idref="fl-c"/>
      </object_component>
      <object_component id="oc-2a">
         <name>.const:s_vim_init</name>
         <load_address>0x19c40</load_address>
         <run_address>0x19c40</run_address>
         <size>0x180</size>
         <input_file_ref idref="fl-24"/>
      </object_component>
      <object_component id="oc-4ae">
         <name>.const:ipio2</name>
         <load_address>0x19dc0</load_address>
         <run_address>0x19dc0</run_address>
         <size>0x108</size>
         <input_file_ref idref="fl-ff"/>
      </object_component>
      <object_component id="oc-547">
         <name>.const:.string:_ctypes_</name>
         <load_address>0x19ec8</load_address>
         <run_address>0x19ec8</run_address>
         <size>0x101</size>
         <input_file_ref idref="fl-10f"/>
      </object_component>
      <object_component id="oc-497">
         <name>.const:aT</name>
         <load_address>0x19fd0</load_address>
         <run_address>0x19fd0</run_address>
         <size>0x58</size>
         <input_file_ref idref="fl-e3"/>
      </object_component>
      <object_component id="oc-4b1">
         <name>.const:PIo2</name>
         <load_address>0x1a028</load_address>
         <run_address>0x1a028</run_address>
         <size>0x40</size>
         <input_file_ref idref="fl-ff"/>
      </object_component>
      <object_component id="oc-491">
         <name>.const:atanhi</name>
         <load_address>0x1a068</load_address>
         <run_address>0x1a068</run_address>
         <size>0x20</size>
         <input_file_ref idref="fl-e3"/>
      </object_component>
      <object_component id="oc-494">
         <name>.const:atanlo</name>
         <load_address>0x1a088</load_address>
         <run_address>0x1a088</run_address>
         <size>0x20</size>
         <input_file_ref idref="fl-e3"/>
      </object_component>
      <object_component id="oc-411">
         <name>.const:s_het1pwmPolarity</name>
         <load_address>0x1a0a8</load_address>
         <run_address>0x1a0a8</run_address>
         <size>0x20</size>
         <input_file_ref idref="fl-5"/>
      </object_component>
      <object_component id="oc-23a">
         <name>.const:s_het1pwmPolarity</name>
         <load_address>0x1a0c8</load_address>
         <run_address>0x1a0c8</run_address>
         <size>0x20</size>
         <input_file_ref idref="fl-c"/>
      </object_component>
      <object_component id="oc-517">
         <name>.const:bp</name>
         <load_address>0x1a0e8</load_address>
         <run_address>0x1a0e8</run_address>
         <size>0x10</size>
         <input_file_ref idref="fl-e1"/>
      </object_component>
      <object_component id="oc-51a">
         <name>.const:dp_h</name>
         <load_address>0x1a0f8</load_address>
         <run_address>0x1a0f8</run_address>
         <size>0x10</size>
         <input_file_ref idref="fl-e1"/>
      </object_component>
      <object_component id="oc-51d">
         <name>.const:dp_l</name>
         <load_address>0x1a108</load_address>
         <run_address>0x1a108</run_address>
         <size>0x10</size>
         <input_file_ref idref="fl-e1"/>
      </object_component>
      <object_component id="oc-4ab">
         <name>.const:init_jk</name>
         <load_address>0x1a118</load_address>
         <run_address>0x1a118</run_address>
         <size>0x10</size>
         <input_file_ref idref="fl-ff"/>
      </object_component>
      <object_component id="oc-177">
         <name>.kernelBSS:init</name>
         <load_address>0x80008d0</load_address>
         <run_address>0x80008d0</run_address>
         <size>0x34</size>
         <input_file_ref idref="fl-16"/>
      </object_component>
      <object_component id="oc-294">
         <name>.kernelBSS:uninit</name>
         <load_address>0x8000800</load_address>
         <run_address>0x8000800</run_address>
         <size>0xd0</size>
         <input_file_ref idref="fl-16"/>
      </object_component>
      <object_component id="oc-459">
         <name>.kernelHEAP</name>
         <uninitialized>true</uninitialized>
         <run_address>0x8001000</run_address>
         <size>0x2000</size>
         <input_file_ref idref="fl-10"/>
      </object_component>
      <object_component id="oc-2ef">
         <name>.bss:MOTOR</name>
         <uninitialized>true</uninitialized>
         <run_address>0x80030b0</run_address>
         <size>0x10</size>
         <input_file_ref idref="fl-2"/>
      </object_component>
      <object_component id="oc-3c4">
         <name>.bss:SPI3_data_configCh0</name>
         <uninitialized>true</uninitialized>
         <run_address>0x80030ac</run_address>
         <size>0x4</size>
         <input_file_ref idref="fl-3"/>
      </object_component>
      <object_component id="oc-392">
         <name>.bss:xStart</name>
         <uninitialized>true</uninitialized>
         <run_address>0x80030c0</run_address>
         <size>0x8</size>
         <input_file_ref idref="fl-10"/>
      </object_component>
      <object_component id="oc-250">
         <name>.bss:g_sciTransfer_t</name>
         <uninitialized>true</uninitialized>
         <run_address>0x8003098</run_address>
         <size>0x14</size>
         <input_file_ref idref="fl-19"/>
      </object_component>
      <object_component id="oc-ad">
         <name>.bss:g_spiPacket_t</name>
         <uninitialized>true</uninitialized>
         <run_address>0x8003050</run_address>
         <size>0x48</size>
         <input_file_ref idref="fl-1a"/>
      </object_component>
      <object_component id="oc-2f2">
         <name>.common:SPI1_data_configCh0</name>
         <uninitialized>true</uninitialized>
         <run_address>0x80030c8</run_address>
         <size>0x4</size>
      </object_component>
      <object_component id="oc-2fa">
         <name>.common:command</name>
         <uninitialized>true</uninitialized>
         <run_address>0x8003000</run_address>
         <size>0x50</size>
      </object_component>
      <object_component id="oc-2ec">
         <name>.data</name>
         <load_address>0x800311c</load_address>
         <run_address>0x800311c</run_address>
         <size>0x4</size>
         <input_file_ref idref="fl-2"/>
      </object_component>
      <object_component id="oc-2f7">
         <name>.data:DATOS_MAGNETOMETRO</name>
         <load_address>0x8003114</load_address>
         <run_address>0x8003114</run_address>
         <size>0x6</size>
         <input_file_ref idref="fl-2"/>
      </object_component>
      <object_component id="oc-3c1">
         <name>.data</name>
         <load_address>0x8003120</load_address>
         <run_address>0x8003120</run_address>
         <size>0x4</size>
         <input_file_ref idref="fl-3"/>
      </object_component>
      <object_component id="oc-3ca">
         <name>.data:DatoSPI03</name>
         <load_address>0x8003102</load_address>
         <run_address>0x8003102</run_address>
         <size>0x8</size>
         <input_file_ref idref="fl-3"/>
      </object_component>
      <object_component id="oc-3c7">
         <name>.data:CmmdSPI03</name>
         <load_address>0x80030ea</load_address>
         <run_address>0x80030ea</run_address>
         <size>0x8</size>
         <input_file_ref idref="fl-3"/>
      </object_component>
      <object_component id="oc-3ba">
         <name>.data:ComandoSPI</name>
         <load_address>0x80030f2</load_address>
         <run_address>0x80030f2</run_address>
         <size>0x8</size>
         <input_file_ref idref="fl-4"/>
      </object_component>
      <object_component id="oc-3bd">
         <name>.data:DatoSPI01</name>
         <load_address>0x80030fa</load_address>
         <run_address>0x80030fa</run_address>
         <size>0x8</size>
         <input_file_ref idref="fl-4"/>
      </object_component>
      <object_component id="oc-3b7">
         <name>.data:AK8963ReadOut</name>
         <load_address>0x80030dc</load_address>
         <run_address>0x80030dc</run_address>
         <size>0xe</size>
         <input_file_ref idref="fl-4"/>
      </object_component>
      <object_component id="oc-38f">
         <name>.data</name>
         <load_address>0x80030cc</load_address>
         <run_address>0x80030cc</run_address>
         <size>0x10</size>
         <input_file_ref idref="fl-10"/>
      </object_component>
      <object_component id="oc-17a">
         <name>.data</name>
         <load_address>0x800310c</load_address>
         <run_address>0x800310c</run_address>
         <size>0x8</size>
         <input_file_ref idref="fl-13"/>
      </object_component>
      <object_component id="oc-589">
         <name>.data</name>
         <load_address>0x8003124</load_address>
         <run_address>0x8003124</run_address>
         <size>0x4</size>
         <input_file_ref idref="fl-103"/>
      </object_component>
      <object_component id="oc-2f3">
         <name>.debug_info</name>
         <load_address>0x0</load_address>
         <run_address>0x0</run_address>
         <size>0x649</size>
         <input_file_ref idref="fl-2"/>
      </object_component>
      <object_component id="oc-2ed">
         <name>.debug_info</name>
         <load_address>0x649</load_address>
         <run_address>0x649</run_address>
         <size>0xd6</size>
         <input_file_ref idref="fl-2"/>
      </object_component>
      <object_component id="oc-2f0">
         <name>.debug_info</name>
         <load_address>0x71f</load_address>
         <run_address>0x71f</run_address>
         <size>0xd8</size>
         <input_file_ref idref="fl-2"/>
      </object_component>
      <object_component id="oc-2f8">
         <name>.debug_info</name>
         <load_address>0x7f7</load_address>
         <run_address>0x7f7</run_address>
         <size>0xf2</size>
         <input_file_ref idref="fl-2"/>
      </object_component>
      <object_component id="oc-15d">
         <name>.debug_info</name>
         <load_address>0x8e9</load_address>
         <run_address>0x8e9</run_address>
         <size>0x633</size>
         <input_file_ref idref="fl-2"/>
      </object_component>
      <object_component id="oc-273">
         <name>.debug_info</name>
         <load_address>0xf1c</load_address>
         <run_address>0xf1c</run_address>
         <size>0x30c</size>
         <input_file_ref idref="fl-2"/>
      </object_component>
      <object_component id="oc-180">
         <name>.debug_info</name>
         <load_address>0x1228</load_address>
         <run_address>0x1228</run_address>
         <size>0x26b</size>
         <input_file_ref idref="fl-2"/>
      </object_component>
      <object_component id="oc-a0">
         <name>.debug_info</name>
         <load_address>0x1493</load_address>
         <run_address>0x1493</run_address>
         <size>0x157</size>
         <input_file_ref idref="fl-2"/>
      </object_component>
      <object_component id="oc-1cc">
         <name>.debug_info</name>
         <load_address>0x15ea</load_address>
         <run_address>0x15ea</run_address>
         <size>0x791</size>
         <input_file_ref idref="fl-2"/>
      </object_component>
      <object_component id="oc-308">
         <name>.debug_info</name>
         <load_address>0x1d7b</load_address>
         <run_address>0x1d7b</run_address>
         <size>0x379</size>
         <input_file_ref idref="fl-2"/>
      </object_component>
      <object_component id="oc-268">
         <name>.debug_info</name>
         <load_address>0x20f4</load_address>
         <run_address>0x20f4</run_address>
         <size>0xe1</size>
         <input_file_ref idref="fl-2"/>
      </object_component>
      <object_component id="oc-b2">
         <name>.debug_info</name>
         <load_address>0x21d5</load_address>
         <run_address>0x21d5</run_address>
         <size>0x375</size>
         <input_file_ref idref="fl-2"/>
      </object_component>
      <object_component id="oc-c4">
         <name>.debug_info</name>
         <load_address>0x254a</load_address>
         <run_address>0x254a</run_address>
         <size>0x8b</size>
         <input_file_ref idref="fl-2"/>
      </object_component>
      <object_component id="oc-26d">
         <name>.debug_info</name>
         <load_address>0x25d5</load_address>
         <run_address>0x25d5</run_address>
         <size>0x2c</size>
         <input_file_ref idref="fl-2"/>
      </object_component>
      <object_component id="oc-319">
         <name>.debug_info</name>
         <load_address>0x2601</load_address>
         <run_address>0x2601</run_address>
         <size>0x2a4</size>
         <input_file_ref idref="fl-2"/>
      </object_component>
      <object_component id="oc-172">
         <name>.debug_info</name>
         <load_address>0x28a5</load_address>
         <run_address>0x28a5</run_address>
         <size>0xbb</size>
         <input_file_ref idref="fl-2"/>
      </object_component>
      <object_component id="oc-1bf">
         <name>.debug_info</name>
         <load_address>0x2960</load_address>
         <run_address>0x2960</run_address>
         <size>0x2c</size>
         <input_file_ref idref="fl-2"/>
      </object_component>
      <object_component id="oc-c9">
         <name>.debug_info</name>
         <load_address>0x298c</load_address>
         <run_address>0x298c</run_address>
         <size>0x86</size>
         <input_file_ref idref="fl-2"/>
      </object_component>
      <object_component id="oc-40c">
         <name>.debug_info</name>
         <load_address>0x2a12</load_address>
         <run_address>0x2a12</run_address>
         <size>0x2c</size>
         <input_file_ref idref="fl-2"/>
      </object_component>
      <object_component id="oc-324">
         <name>.debug_info</name>
         <load_address>0x2a3e</load_address>
         <run_address>0x2a3e</run_address>
         <size>0x273</size>
         <input_file_ref idref="fl-2"/>
      </object_component>
      <object_component id="oc-185">
         <name>.debug_info</name>
         <load_address>0x2cb1</load_address>
         <run_address>0x2cb1</run_address>
         <size>0x1de</size>
         <input_file_ref idref="fl-2"/>
      </object_component>
      <object_component id="oc-102">
         <name>.debug_info</name>
         <load_address>0x2e8f</load_address>
         <run_address>0x2e8f</run_address>
         <size>0x129</size>
         <input_file_ref idref="fl-2"/>
      </object_component>
      <object_component id="oc-18f">
         <name>.debug_info</name>
         <load_address>0x2fb8</load_address>
         <run_address>0x2fb8</run_address>
         <size>0x1f9</size>
         <input_file_ref idref="fl-2"/>
      </object_component>
      <object_component id="oc-348">
         <name>.debug_info</name>
         <load_address>0x31b1</load_address>
         <run_address>0x31b1</run_address>
         <size>0xda</size>
         <input_file_ref idref="fl-2"/>
      </object_component>
      <object_component id="oc-1e5">
         <name>.debug_info</name>
         <load_address>0x328b</load_address>
         <run_address>0x328b</run_address>
         <size>0x3d3</size>
         <input_file_ref idref="fl-2"/>
      </object_component>
      <object_component id="oc-23f">
         <name>.debug_info</name>
         <load_address>0x365e</load_address>
         <run_address>0x365e</run_address>
         <size>0x2e3</size>
         <input_file_ref idref="fl-2"/>
      </object_component>
      <object_component id="oc-2fe">
         <name>.debug_info</name>
         <load_address>0x3941</load_address>
         <run_address>0x3941</run_address>
         <size>0x243</size>
         <input_file_ref idref="fl-2"/>
      </object_component>
      <object_component id="oc-373">
         <name>.debug_info</name>
         <load_address>0x3b84</load_address>
         <run_address>0x3b84</run_address>
         <size>0x18e</size>
         <input_file_ref idref="fl-2"/>
      </object_component>
      <object_component id="oc-1b1">
         <name>.debug_info</name>
         <load_address>0x3d12</load_address>
         <run_address>0x3d12</run_address>
         <size>0x26c</size>
         <input_file_ref idref="fl-2"/>
      </object_component>
      <object_component id="oc-303">
         <name>.debug_info</name>
         <load_address>0x3f7e</load_address>
         <run_address>0x3f7e</run_address>
         <size>0x14c</size>
         <input_file_ref idref="fl-2"/>
      </object_component>
      <object_component id="oc-48e">
         <name>.debug_info</name>
         <load_address>0x40ca</load_address>
         <run_address>0x40ca</run_address>
         <size>0x2d9</size>
         <input_file_ref idref="fl-3"/>
      </object_component>
      <object_component id="oc-3c2">
         <name>.debug_info</name>
         <load_address>0x43a3</load_address>
         <run_address>0x43a3</run_address>
         <size>0xd0</size>
         <input_file_ref idref="fl-3"/>
      </object_component>
      <object_component id="oc-3c5">
         <name>.debug_info</name>
         <load_address>0x4473</load_address>
         <run_address>0x4473</run_address>
         <size>0xee</size>
         <input_file_ref idref="fl-3"/>
      </object_component>
      <object_component id="oc-3cb">
         <name>.debug_info</name>
         <load_address>0x4561</load_address>
         <run_address>0x4561</run_address>
         <size>0xda</size>
         <input_file_ref idref="fl-3"/>
      </object_component>
      <object_component id="oc-3c8">
         <name>.debug_info</name>
         <load_address>0x463b</load_address>
         <run_address>0x463b</run_address>
         <size>0xda</size>
         <input_file_ref idref="fl-3"/>
      </object_component>
      <object_component id="oc-2a6">
         <name>.debug_info</name>
         <load_address>0x4715</load_address>
         <run_address>0x4715</run_address>
         <size>0x21f</size>
         <input_file_ref idref="fl-3"/>
      </object_component>
      <object_component id="oc-2f5">
         <name>.debug_info</name>
         <load_address>0x4934</load_address>
         <run_address>0x4934</run_address>
         <size>0x516</size>
         <input_file_ref idref="fl-4"/>
      </object_component>
      <object_component id="oc-3bb">
         <name>.debug_info</name>
         <load_address>0x4e4a</load_address>
         <run_address>0x4e4a</run_address>
         <size>0xdd</size>
         <input_file_ref idref="fl-4"/>
      </object_component>
      <object_component id="oc-3be">
         <name>.debug_info</name>
         <load_address>0x4f27</load_address>
         <run_address>0x4f27</run_address>
         <size>0xdb</size>
         <input_file_ref idref="fl-4"/>
      </object_component>
      <object_component id="oc-3b8">
         <name>.debug_info</name>
         <load_address>0x5002</load_address>
         <run_address>0x5002</run_address>
         <size>0xe3</size>
         <input_file_ref idref="fl-4"/>
      </object_component>
      <object_component id="oc-2a1">
         <name>.debug_info</name>
         <load_address>0x50e5</load_address>
         <run_address>0x50e5</run_address>
         <size>0x2036</size>
         <input_file_ref idref="fl-4"/>
      </object_component>
      <object_component id="oc-415">
         <name>.debug_info</name>
         <load_address>0x711b</load_address>
         <run_address>0x711b</run_address>
         <size>0x1a1</size>
         <input_file_ref idref="fl-5"/>
      </object_component>
      <object_component id="oc-412">
         <name>.debug_info</name>
         <load_address>0x72bc</load_address>
         <run_address>0x72bc</run_address>
         <size>0xe6</size>
         <input_file_ref idref="fl-5"/>
      </object_component>
      <object_component id="oc-2e8">
         <name>.debug_info</name>
         <load_address>0x73a2</load_address>
         <run_address>0x73a2</run_address>
         <size>0x229</size>
         <input_file_ref idref="fl-5"/>
      </object_component>
      <object_component id="oc-47c">
         <name>.debug_info</name>
         <load_address>0x75cb</load_address>
         <run_address>0x75cb</run_address>
         <size>0x194</size>
         <input_file_ref idref="fl-6"/>
      </object_component>
      <object_component id="oc-3b3">
         <name>.debug_info</name>
         <load_address>0x775f</load_address>
         <run_address>0x775f</run_address>
         <size>0x407</size>
         <input_file_ref idref="fl-6"/>
      </object_component>
      <object_component id="oc-47d">
         <name>.debug_info</name>
         <load_address>0x7b66</load_address>
         <run_address>0x7b66</run_address>
         <size>0xcc</size>
         <input_file_ref idref="fl-6"/>
      </object_component>
      <object_component id="oc-1b7">
         <name>.debug_info</name>
         <load_address>0x7c32</load_address>
         <run_address>0x7c32</run_address>
         <size>0x1d8</size>
         <input_file_ref idref="fl-7"/>
      </object_component>
      <object_component id="oc-bf">
         <name>.debug_info</name>
         <load_address>0x7e0a</load_address>
         <run_address>0x7e0a</run_address>
         <size>0x18c</size>
         <input_file_ref idref="fl-7"/>
      </object_component>
      <object_component id="oc-19e">
         <name>.debug_info</name>
         <load_address>0x7f96</load_address>
         <run_address>0x7f96</run_address>
         <size>0x2cf</size>
         <input_file_ref idref="fl-7"/>
      </object_component>
      <object_component id="oc-b8">
         <name>.debug_info</name>
         <load_address>0x8265</load_address>
         <run_address>0x8265</run_address>
         <size>0xf6</size>
         <input_file_ref idref="fl-8"/>
      </object_component>
      <object_component id="oc-1c7">
         <name>.debug_info</name>
         <load_address>0x835b</load_address>
         <run_address>0x835b</run_address>
         <size>0x187</size>
         <input_file_ref idref="fl-9"/>
      </object_component>
      <object_component id="oc-75">
         <name>.debug_info</name>
         <load_address>0x84e2</load_address>
         <run_address>0x84e2</run_address>
         <size>0x636</size>
         <input_file_ref idref="fl-9"/>
      </object_component>
      <object_component id="oc-50">
         <name>.debug_info</name>
         <load_address>0x8b18</load_address>
         <run_address>0x8b18</run_address>
         <size>0x84</size>
         <input_file_ref idref="fl-9"/>
      </object_component>
      <object_component id="oc-ec">
         <name>.debug_info</name>
         <load_address>0x8b9c</load_address>
         <run_address>0x8b9c</run_address>
         <size>0x9e7</size>
         <input_file_ref idref="fl-9"/>
      </object_component>
      <object_component id="oc-107">
         <name>.debug_info</name>
         <load_address>0x9583</load_address>
         <run_address>0x9583</run_address>
         <size>0x1df</size>
         <input_file_ref idref="fl-a"/>
      </object_component>
      <object_component id="oc-8c">
         <name>.debug_info</name>
         <load_address>0x9762</load_address>
         <run_address>0x9762</run_address>
         <size>0xb22</size>
         <input_file_ref idref="fl-a"/>
      </object_component>
      <object_component id="oc-25">
         <name>.debug_info</name>
         <load_address>0xa284</load_address>
         <run_address>0xa284</run_address>
         <size>0x182</size>
         <input_file_ref idref="fl-a"/>
      </object_component>
      <object_component id="oc-21d">
         <name>.debug_info</name>
         <load_address>0xa406</load_address>
         <run_address>0xa406</run_address>
         <size>0x162</size>
         <input_file_ref idref="fl-b"/>
      </object_component>
      <object_component id="oc-13c">
         <name>.debug_info</name>
         <load_address>0xa568</load_address>
         <run_address>0xa568</run_address>
         <size>0x6cf</size>
         <input_file_ref idref="fl-b"/>
      </object_component>
      <object_component id="oc-23e">
         <name>.debug_info</name>
         <load_address>0xac37</load_address>
         <run_address>0xac37</run_address>
         <size>0x1b8</size>
         <input_file_ref idref="fl-c"/>
      </object_component>
      <object_component id="oc-23b">
         <name>.debug_info</name>
         <load_address>0xadef</load_address>
         <run_address>0xadef</run_address>
         <size>0xe5</size>
         <input_file_ref idref="fl-c"/>
      </object_component>
      <object_component id="oc-238">
         <name>.debug_info</name>
         <load_address>0xaed4</load_address>
         <run_address>0xaed4</run_address>
         <size>0xd9</size>
         <input_file_ref idref="fl-c"/>
      </object_component>
      <object_component id="oc-13f">
         <name>.debug_info</name>
         <load_address>0xafad</load_address>
         <run_address>0xafad</run_address>
         <size>0xe93</size>
         <input_file_ref idref="fl-c"/>
      </object_component>
      <object_component id="oc-171">
         <name>.debug_info</name>
         <load_address>0xbe40</load_address>
         <run_address>0xbe40</run_address>
         <size>0x335</size>
         <input_file_ref idref="fl-d"/>
      </object_component>
      <object_component id="oc-9a">
         <name>.debug_info</name>
         <load_address>0xc175</load_address>
         <run_address>0xc175</run_address>
         <size>0xaa6</size>
         <input_file_ref idref="fl-d"/>
      </object_component>
      <object_component id="oc-1d1">
         <name>.debug_info</name>
         <load_address>0xcc1b</load_address>
         <run_address>0xcc1b</run_address>
         <size>0x4de</size>
         <input_file_ref idref="fl-d"/>
      </object_component>
      <object_component id="oc-1d6">
         <name>.debug_info</name>
         <load_address>0xd0f9</load_address>
         <run_address>0xd0f9</run_address>
         <size>0x3ce</size>
         <input_file_ref idref="fl-d"/>
      </object_component>
      <object_component id="oc-1db">
         <name>.debug_info</name>
         <load_address>0xd4c7</load_address>
         <run_address>0xd4c7</run_address>
         <size>0x437</size>
         <input_file_ref idref="fl-d"/>
      </object_component>
      <object_component id="oc-206">
         <name>.debug_info</name>
         <load_address>0xd8fe</load_address>
         <run_address>0xd8fe</run_address>
         <size>0x37b</size>
         <input_file_ref idref="fl-d"/>
      </object_component>
      <object_component id="oc-1e0">
         <name>.debug_info</name>
         <load_address>0xdc79</load_address>
         <run_address>0xdc79</run_address>
         <size>0x1ca</size>
         <input_file_ref idref="fl-d"/>
      </object_component>
      <object_component id="oc-18a">
         <name>.debug_info</name>
         <load_address>0xde43</load_address>
         <run_address>0xde43</run_address>
         <size>0x435</size>
         <input_file_ref idref="fl-d"/>
      </object_component>
      <object_component id="oc-1f9">
         <name>.debug_info</name>
         <load_address>0xe278</load_address>
         <run_address>0xe278</run_address>
         <size>0x510</size>
         <input_file_ref idref="fl-d"/>
      </object_component>
      <object_component id="oc-1ef">
         <name>.debug_info</name>
         <load_address>0xe788</load_address>
         <run_address>0xe788</run_address>
         <size>0x1de</size>
         <input_file_ref idref="fl-d"/>
      </object_component>
      <object_component id="oc-1fe">
         <name>.debug_info</name>
         <load_address>0xe966</load_address>
         <run_address>0xe966</run_address>
         <size>0x17a</size>
         <input_file_ref idref="fl-d"/>
      </object_component>
      <object_component id="oc-194">
         <name>.debug_info</name>
         <load_address>0xeae0</load_address>
         <run_address>0xeae0</run_address>
         <size>0x642</size>
         <input_file_ref idref="fl-d"/>
      </object_component>
      <object_component id="oc-199">
         <name>.debug_info</name>
         <load_address>0xf122</load_address>
         <run_address>0xf122</run_address>
         <size>0x13e</size>
         <input_file_ref idref="fl-d"/>
      </object_component>
      <object_component id="oc-381">
         <name>.debug_info</name>
         <load_address>0xf260</load_address>
         <run_address>0xf260</run_address>
         <size>0x545</size>
         <input_file_ref idref="fl-f"/>
      </object_component>
      <object_component id="oc-262">
         <name>.debug_info</name>
         <load_address>0xf7a5</load_address>
         <run_address>0xf7a5</run_address>
         <size>0x1471</size>
         <input_file_ref idref="fl-f"/>
      </object_component>
      <object_component id="oc-37b">
         <name>.debug_info</name>
         <load_address>0x10c16</load_address>
         <run_address>0x10c16</run_address>
         <size>0x110</size>
         <input_file_ref idref="fl-f"/>
      </object_component>
      <object_component id="oc-27d">
         <name>.debug_info</name>
         <load_address>0x10d26</load_address>
         <run_address>0x10d26</run_address>
         <size>0x39</size>
         <input_file_ref idref="fl-f"/>
      </object_component>
      <object_component id="oc-384">
         <name>.debug_info</name>
         <load_address>0x10d5f</load_address>
         <run_address>0x10d5f</run_address>
         <size>0x46</size>
         <input_file_ref idref="fl-f"/>
      </object_component>
      <object_component id="oc-454">
         <name>.debug_info</name>
         <load_address>0x10da5</load_address>
         <run_address>0x10da5</run_address>
         <size>0x62</size>
         <input_file_ref idref="fl-f"/>
      </object_component>
      <object_component id="oc-396">
         <name>.debug_info</name>
         <load_address>0x10e07</load_address>
         <run_address>0x10e07</run_address>
         <size>0x2ed</size>
         <input_file_ref idref="fl-10"/>
      </object_component>
      <object_component id="oc-45a">
         <name>.debug_info</name>
         <load_address>0x110f4</load_address>
         <run_address>0x110f4</run_address>
         <size>0xd3</size>
         <input_file_ref idref="fl-10"/>
      </object_component>
      <object_component id="oc-393">
         <name>.debug_info</name>
         <load_address>0x111c7</load_address>
         <run_address>0x111c7</run_address>
         <size>0xd3</size>
         <input_file_ref idref="fl-10"/>
      </object_component>
      <object_component id="oc-390">
         <name>.debug_info</name>
         <load_address>0x1129a</load_address>
         <run_address>0x1129a</run_address>
         <size>0x187</size>
         <input_file_ref idref="fl-10"/>
      </object_component>
      <object_component id="oc-285">
         <name>.debug_info</name>
         <load_address>0x11421</load_address>
         <run_address>0x11421</run_address>
         <size>0x530</size>
         <input_file_ref idref="fl-10"/>
      </object_component>
      <object_component id="oc-38b">
         <name>.debug_info</name>
         <load_address>0x11951</load_address>
         <run_address>0x11951</run_address>
         <size>0x2aa</size>
         <input_file_ref idref="fl-10"/>
      </object_component>
      <object_component id="oc-461">
         <name>.debug_info</name>
         <load_address>0x11bfb</load_address>
         <run_address>0x11bfb</run_address>
         <size>0x62</size>
         <input_file_ref idref="fl-10"/>
      </object_component>
      <object_component id="oc-398">
         <name>.debug_info</name>
         <load_address>0x11c5d</load_address>
         <run_address>0x11c5d</run_address>
         <size>0x228</size>
         <input_file_ref idref="fl-11"/>
      </object_component>
      <object_component id="oc-289">
         <name>.debug_info</name>
         <load_address>0x11e85</load_address>
         <run_address>0x11e85</run_address>
         <size>0x4b1</size>
         <input_file_ref idref="fl-11"/>
      </object_component>
      <object_component id="oc-272">
         <name>.debug_info</name>
         <load_address>0x12336</load_address>
         <run_address>0x12336</run_address>
         <size>0xcf4</size>
         <input_file_ref idref="fl-12"/>
      </object_component>
      <object_component id="oc-151">
         <name>.debug_info</name>
         <load_address>0x1302a</load_address>
         <run_address>0x1302a</run_address>
         <size>0x3b0d</size>
         <input_file_ref idref="fl-12"/>
      </object_component>
      <object_component id="oc-278">
         <name>.debug_info</name>
         <load_address>0x16b37</load_address>
         <run_address>0x16b37</run_address>
         <size>0x46</size>
         <input_file_ref idref="fl-12"/>
      </object_component>
      <object_component id="oc-3a0">
         <name>.debug_info</name>
         <load_address>0x16b7d</load_address>
         <run_address>0x16b7d</run_address>
         <size>0x340</size>
         <input_file_ref idref="fl-13"/>
      </object_component>
      <object_component id="oc-17b">
         <name>.debug_info</name>
         <load_address>0x16ebd</load_address>
         <run_address>0x16ebd</run_address>
         <size>0x121</size>
         <input_file_ref idref="fl-13"/>
      </object_component>
      <object_component id="oc-28f">
         <name>.debug_info</name>
         <load_address>0x16fde</load_address>
         <run_address>0x16fde</run_address>
         <size>0x5b3</size>
         <input_file_ref idref="fl-13"/>
      </object_component>
      <object_component id="oc-39a">
         <name>.debug_info</name>
         <load_address>0x17591</load_address>
         <run_address>0x17591</run_address>
         <size>0x359</size>
         <input_file_ref idref="fl-13"/>
      </object_component>
      <object_component id="oc-a8">
         <name>.debug_info</name>
[...]
         <value>0x9880</value>
         <object_component_ref idref="oc-84"/>
      </symbol>
      <symbol id="sm-bfb">
         <name>mibspi1ParityCheck</name>
         <value>0x9260</value>
         <object_component_ref idref="oc-84"/>
      </symbol>
      <symbol id="sm-bfc">
         <name>ccmr4GetConfigValue</name>
         <value>0xa034</value>
         <object_component_ref idref="oc-84"/>
      </symbol>
      <symbol id="sm-bfd">
         <name>pbistPortTestStatus</name>
         <value>0x8608</value>
         <object_component_ref idref="oc-84"/>
      </symbol>
      <symbol id="sm-bfe">
         <name>checkFlashEEPROMECC</name>
         <value>0x96d8</value>
         <object_component_ref idref="oc-84"/>
      </symbol>
      <symbol id="sm-bff">
         <name>pbistGetConfigValue</name>
         <value>0x9db0</value>
         <object_component_ref idref="oc-84"/>
      </symbol>
      <symbol id="sm-c00">
         <name>vimParityCheck</name>
         <value>0x8e00</value>
         <object_component_ref idref="oc-84"/>
      </symbol>
      <symbol id="sm-c01">
         <name>pbistIsTestCompleted</name>
         <value>0x85a8</value>
         <object_component_ref idref="oc-84"/>
      </symbol>
      <symbol id="sm-c02">
         <name>disableParity</name>
         <value>0xa424</value>
         <object_component_ref idref="oc-84"/>
      </symbol>
      <symbol id="sm-c03">
         <name>pbistRun</name>
         <value>0x84ac</value>
         <object_component_ref idref="oc-84"/>
      </symbol>
      <symbol id="sm-c04">
         <name>pbistFail</name>
         <value>0x9d2c</value>
         <object_component_ref idref="oc-84"/>
      </symbol>
      <symbol id="sm-c05">
         <name>selftestFailNotification</name>
         <value>0x8020</value>
         <object_component_ref idref="oc-84"/>
      </symbol>
      <symbol id="sm-c06">
         <name>errata_PBIST_4</name>
         <value>0xa0b0</value>
         <object_component_ref idref="oc-84"/>
      </symbol>
      <symbol id="sm-c07">
         <name>efcSelfTest</name>
         <value>0x8794</value>
         <object_component_ref idref="oc-84"/>
      </symbol>
      <symbol id="sm-c08">
         <name>checkB1RAMECC</name>
         <value>0x8b28</value>
         <object_component_ref idref="oc-84"/>
      </symbol>
      <symbol id="sm-c09">
         <name>pbistStop</name>
         <value>0x8578</value>
         <object_component_ref idref="oc-84"/>
      </symbol>
      <symbol id="sm-c0a">
         <name>checkRAMAddrParity</name>
         <value>0x999c</value>
         <object_component_ref idref="oc-84"/>
      </symbol>
      <symbol id="sm-c0b">
         <name>checkB0RAMECC</name>
         <value>0x8938</value>
         <object_component_ref idref="oc-84"/>
      </symbol>
      <symbol id="sm-c0c">
         <name>stcGetConfigValue</name>
         <value>0x9ef8</value>
         <object_component_ref idref="oc-84"/>
      </symbol>
      <symbol id="sm-c0d">
         <name>pbistIsTestPassed</name>
         <value>0x85d4</value>
         <object_component_ref idref="oc-84"/>
      </symbol>
      <symbol id="sm-c0e">
         <name>checkClockMonitor</name>
         <value>0x9604</value>
         <object_component_ref idref="oc-84"/>
      </symbol>
      <symbol id="sm-c0f">
         <name>fmcECCcheck</name>
         <value>0x8898</value>
         <object_component_ref idref="oc-84"/>
      </symbol>
      <symbol id="sm-c10">
         <name>fmcBus2Check</name>
         <value>0x885c</value>
         <object_component_ref idref="oc-84"/>
      </symbol>
      <symbol id="sm-c11">
         <name>checkRAMUERRTest</name>
         <value>0x9aa4</value>
         <object_component_ref idref="oc-84"/>
      </symbol>
      <symbol id="sm-c12">
         <name>efcStuckZeroTest</name>
         <value>0x86e8</value>
         <object_component_ref idref="oc-84"/>
      </symbol>
      <symbol id="sm-c3b">
         <name>_c_int00</name>
         <value>0x16bc0</value>
         <object_component_ref idref="oc-1e"/>
      </symbol>
      <symbol id="sm-c3c">
         <name>handlePLLLockFail</name>
         <value>0x19898</value>
         <object_component_ref idref="oc-78"/>
      </symbol>
      <symbol id="sm-cd4">
         <name>vimChannelMap</name>
         <value>0x11c68</value>
         <object_component_ref idref="oc-40"/>
      </symbol>
      <symbol id="sm-cd5">
         <name>vimInit</name>
         <value>0x11b94</value>
         <object_component_ref idref="oc-40"/>
      </symbol>
      <symbol id="sm-cd6">
         <name>vimEnableInterrupt</name>
         <value>0x11d0c</value>
         <object_component_ref idref="oc-40"/>
      </symbol>
      <symbol id="sm-cd7">
         <name>vimDisableInterrupt</name>
         <value>0x11e64</value>
         <object_component_ref idref="oc-40"/>
      </symbol>
      <symbol id="sm-cd8">
         <name>vimGetConfigValue</name>
         <value>0x11ee8</value>
         <object_component_ref idref="oc-40"/>
      </symbol>
      <symbol id="sm-cd9">
         <name>vimParityErrorHandler</name>
         <value>0x162c0</value>
         <object_component_ref idref="oc-3e"/>
      </symbol>
      <symbol id="sm-d2d">
         <name>systemGetConfigValue</name>
         <value>0xeee4</value>
         <object_component_ref idref="oc-7e"/>
      </symbol>
      <symbol id="sm-d2e">
         <name>trimLPO</name>
         <value>0xebfc</value>
         <object_component_ref idref="oc-7e"/>
      </symbol>
      <symbol id="sm-d2f">
         <name>systemInit</name>
         <value>0xede8</value>
         <object_component_ref idref="oc-7e"/>
      </symbol>
      <symbol id="sm-d30">
         <name>customTrimLPO</name>
         <value>0xf58c</value>
         <object_component_ref idref="oc-7e"/>
      </symbol>
      <symbol id="sm-d31">
         <name>tcmflashGetConfigValue</name>
         <value>0xf2a4</value>
         <object_component_ref idref="oc-7e"/>
      </symbol>
      <symbol id="sm-d32">
         <name>sramGetConfigValue</name>
         <value>0xf450</value>
         <object_component_ref idref="oc-7e"/>
      </symbol>
      <symbol id="sm-d33">
         <name>periphInit</name>
         <value>0xecb0</value>
         <object_component_ref idref="oc-7e"/>
      </symbol>
      <symbol id="sm-d34">
         <name>setupFlash</name>
         <value>0xec70</value>
         <object_component_ref idref="oc-7e"/>
      </symbol>
      <symbol id="sm-d35">
         <name>setupPLL</name>
         <value>0xebac</value>
         <object_component_ref idref="oc-7e"/>
      </symbol>
      <symbol id="sm-d36">
         <name>mapClocks</name>
         <value>0xed04</value>
         <object_component_ref idref="oc-7e"/>
      </symbol>
      <symbol id="sm-d37">
         <name>systemPowerDown</name>
         <value>0xeeb4</value>
         <object_component_ref idref="oc-7e"/>
      </symbol>
      <symbol id="sm-d5e">
         <name>sprintf</name>
         <value>0x1944c</value>
         <object_component_ref idref="oc-2e0"/>
      </symbol>
      <symbol id="sm-d9e">
         <name>atan2</name>
         <value>0x15dbc</value>
         <object_component_ref idref="oc-2bf"/>
      </symbol>
      <symbol id="sm-d9f">
         <name>atan2l</name>
         <value>0x15dbc</value>
         <object_component_ref idref="oc-2bf"/>
      </symbol>
      <symbol id="sm-e27">
         <name>pow</name>
         <value>0xdd48</value>
         <object_component_ref idref="oc-475"/>
      </symbol>
      <symbol id="sm-e28">
         <name>powl</name>
         <value>0xdd48</value>
         <object_component_ref idref="oc-475"/>
      </symbol>
      <symbol id="sm-e47">
         <name>sqrtl</name>
         <value>0x171f8</value>
         <object_component_ref idref="oc-511"/>
      </symbol>
      <symbol id="sm-e48">
         <name>sqrt</name>
         <value>0x171f8</value>
         <object_component_ref idref="oc-511"/>
      </symbol>
      <symbol id="sm-e8c">
         <name>atanl</name>
         <value>0x14714</value>
         <object_component_ref idref="oc-3d2"/>
      </symbol>
      <symbol id="sm-e8d">
         <name>atan</name>
         <value>0x14714</value>
         <object_component_ref idref="oc-3d2"/>
      </symbol>
      <symbol id="sm-ed8">
         <name>cosl</name>
         <value>0x1133c</value>
         <object_component_ref idref="oc-2d5"/>
      </symbol>
      <symbol id="sm-ed9">
         <name>cos</name>
         <value>0x1133c</value>
         <object_component_ref idref="oc-2d5"/>
      </symbol>
      <symbol id="sm-ef4">
         <name>floorl</name>
         <value>0x17d98</value>
         <object_component_ref idref="oc-24a"/>
      </symbol>
      <symbol id="sm-ef5">
         <name>floor</name>
         <value>0x17d98</value>
         <object_component_ref idref="oc-24a"/>
      </symbol>
      <symbol id="sm-f1b">
         <name>scalbn</name>
         <value>0x183f8</value>
         <object_component_ref idref="oc-4a5"/>
      </symbol>
      <symbol id="sm-f1c">
         <name>scalbnl</name>
         <value>0x183f8</value>
         <object_component_ref idref="oc-4a5"/>
      </symbol>
      <symbol id="sm-f1d">
         <name>ldexpl</name>
         <value>0x183f8</value>
         <object_component_ref idref="oc-4a5"/>
      </symbol>
      <symbol id="sm-f1e">
         <name>ldexp</name>
         <value>0x183f8</value>
         <object_component_ref idref="oc-4a5"/>
      </symbol>
      <symbol id="sm-f67">
         <name>sin</name>
         <value>0x12480</value>
         <object_component_ref idref="oc-2cf"/>
      </symbol>
      <symbol id="sm-f68">
         <name>sinl</name>
         <value>0x12480</value>
         <object_component_ref idref="oc-2cf"/>
      </symbol>
      <symbol id="sm-f7f">
         <name>__aeabi_dsub</name>
         <value>0x16dd4</value>
         <object_component_ref idref="oc-245"/>
      </symbol>
      <symbol id="sm-f80">
         <name>__aeabi_dadd</name>
         <value>0x16de0</value>
         <object_component_ref idref="oc-245"/>
      </symbol>
      <symbol id="sm-fa2">
         <name>__aeabi_cdcmpeq</name>
         <value>0x18a00</value>
         <object_component_ref idref="oc-3e2"/>
      </symbol>
      <symbol id="sm-fa3">
         <name>__aeabi_cdcmple</name>
         <value>0x18a00</value>
         <object_component_ref idref="oc-3e2"/>
      </symbol>
      <symbol id="sm-fa4">
         <name>__aeabi_cdrcmple</name>
         <value>0x18ae0</value>
         <object_component_ref idref="oc-35e"/>
      </symbol>
      <symbol id="sm-fb8">
         <name>__aeabi_ddiv</name>
         <value>0x17a88</value>
         <object_component_ref idref="oc-228"/>
      </symbol>
      <symbol id="sm-fc3">
         <name>__aeabi_dmul</name>
         <value>0x182d0</value>
         <object_component_ref idref="oc-223"/>
      </symbol>
      <symbol id="sm-fcd">
         <name>__aeabi_d2iz</name>
         <value>0x194b0</value>
         <object_component_ref idref="oc-2db"/>
      </symbol>
      <symbol id="sm-fd9">
         <name>__aeabi_d2f</name>
         <value>0x18ec0</value>
         <object_component_ref idref="oc-2b0"/>
      </symbol>
      <symbol id="sm-fe3">
         <name>__aeabi_d2uiz</name>
         <value>0x19568</value>
         <object_component_ref idref="oc-22d"/>
      </symbol>
      <symbol id="sm-ff4">
         <name>__aeabi_fadd</name>
         <value>0x181a0</value>
         <object_component_ref idref="oc-2ca"/>
      </symbol>
      <symbol id="sm-ff5">
         <name>__aeabi_fsub</name>
         <value>0x1819c</value>
         <object_component_ref idref="oc-2ca"/>
      </symbol>
      <symbol id="sm-1002">
         <name>__aeabi_cfcmpeq</name>
         <value>0x19084</value>
         <object_component_ref idref="oc-2c5"/>
      </symbol>
      <symbol id="sm-1003">
         <name>__aeabi_cfcmple</name>
         <value>0x19084</value>
         <object_component_ref idref="oc-2c5"/>
      </symbol>
      <symbol id="sm-100d">
         <name>__aeabi_fmul</name>
         <value>0x18e18</value>
         <object_component_ref idref="oc-2b5"/>
      </symbol>
      <symbol id="sm-1018">
         <name>__aeabi_f2d</name>
         <value>0x1950c</value>
         <object_component_ref idref="oc-2ba"/>
      </symbol>
      <symbol id="sm-1022">
         <name>__aeabi_f2iz</name>
         <value>0x19664</value>
         <object_component_ref idref="oc-470"/>
      </symbol>
      <symbol id="sm-102c">
         <name>__aeabi_i2d</name>
         <value>0x196fc</value>
         <object_component_ref idref="oc-2ab"/>
      </symbol>
      <symbol id="sm-1037">
         <name>__aeabi_i2f</name>
         <value>0x196b0</value>
         <object_component_ref idref="oc-3ac"/>
      </symbol>
      <symbol id="sm-1050">
         <name>memcpy</name>
         <value>0x17c18</value>
         <object_component_ref idref="oc-55"/>
      </symbol>
      <symbol id="sm-1051">
         <name>__aeabi_memcpy</name>
         <value>0x17c18</value>
         <object_component_ref idref="oc-55"/>
      </symbol>
      <symbol id="sm-1052">
         <name>__aeabi_memcpy8</name>
         <value>0x17c18</value>
         <object_component_ref idref="oc-55"/>
      </symbol>
      <symbol id="sm-1053">
         <name>__aeabi_memcpy4</name>
         <value>0x17c18</value>
         <object_component_ref idref="oc-55"/>
      </symbol>
      <symbol id="sm-105d">
         <name>__aeabi_ui2d</name>
         <value>0x19738</value>
         <object_component_ref idref="oc-232"/>
      </symbol>
      <symbol id="sm-106c">
         <name>__aeabi_memset</name>
         <value>0x18d6c</value>
         <object_component_ref idref="oc-e4"/>
      </symbol>
      <symbol id="sm-106d">
         <name>memset</name>
         <value>0x18d78</value>
         <object_component_ref idref="oc-e4"/>
      </symbol>
      <symbol id="sm-106e">
         <name>__aeabi_memset8</name>
         <value>0x18d6c</value>
         <object_component_ref idref="oc-e4"/>
      </symbol>
      <symbol id="sm-106f">
         <name>__aeabi_memset4</name>
         <value>0x18d6c</value>
         <object_component_ref idref="oc-e4"/>
      </symbol>
      <symbol id="sm-1070">
         <name>__aeabi_memclr8</name>
         <value>0x18d68</value>
         <object_component_ref idref="oc-e4"/>
      </symbol>
      <symbol id="sm-1071">
         <name>__aeabi_memclr4</name>
         <value>0x18d68</value>
         <object_component_ref idref="oc-e4"/>
      </symbol>
      <symbol id="sm-1072">
         <name>__aeabi_memclr</name>
         <value>0x18d68</value>
         <object_component_ref idref="oc-e4"/>
      </symbol>
      <symbol id="sm-107e">
         <name>__aeabi_uidivmod</name>
         <value>0x19614</value>
         <object_component_ref idref="oc-21e"/>
      </symbol>
      <symbol id="sm-107f">
         <name>__aeabi_uidiv</name>
         <value>0x19614</value>
         <object_component_ref idref="oc-21e"/>
      </symbol>
      <symbol id="sm-10a7">
         <name>__TI_auto_init_nobinit_nopinit</name>
         <value>0x19380</value>
         <object_component_ref idref="oc-108"/>
      </symbol>
      <symbol id="sm-10ba">
         <name>__TI_zero_init</name>
         <value>0x19860</value>
         <object_component_ref idref="oc-67"/>
      </symbol>
      <symbol id="sm-10d1">
         <name>__TI_decompress_none</name>
         <value>0x1984c</value>
         <object_component_ref idref="oc-17"/>
      </symbol>
      <symbol id="sm-10f4">
         <name>__TI_decompress_lzss</name>
         <value>0x18ff4</value>
         <object_component_ref idref="oc-11"/>
      </symbol>
      <symbol id="sm-1163">
         <name>__kernel_rem_pio2</name>
         <value>0xf66c</value>
         <object_component_ref idref="oc-3e7"/>
      </symbol>
      <symbol id="sm-116e">
         <name>C$$EXIT</name>
         <value>0x19888</value>
         <object_component_ref idref="oc-164"/>
      </symbol>
      <symbol id="sm-116f">
         <name>abort</name>
         <value>0x19888</value>
         <object_component_ref idref="oc-164"/>
      </symbol>
      <symbol id="sm-117e">
         <name>strlen</name>
         <value>0x19818</value>
         <object_component_ref idref="oc-297"/>
      </symbol>
      <symbol id="sm-1194">
         <name>__aeabi_errno_addr</name>
         <value>0x19870</value>
         <object_component_ref idref="oc-4f1"/>
      </symbol>
      <symbol id="sm-1195">
         <name>errno</name>
         <value>0x8003124</value>
         <object_component_ref idref="oc-589"/>
      </symbol>
      <symbol id="sm-119f">
         <name>copysign</name>
         <value>0x1987c</value>
         <object_component_ref idref="oc-530"/>
      </symbol>
      <symbol id="sm-11a0">
         <name>copysignl</name>
         <value>0x1987c</value>
         <object_component_ref idref="oc-530"/>
      </symbol>
      <symbol id="sm-12f2">
         <name>__TI_printfi</name>
         <value>0xcd30</value>
         <object_component_ref idref="oc-3f8"/>
      </symbol>
      <symbol id="sm-130a">
         <name>wcslen</name>
         <value>0x197f4</value>
         <object_component_ref idref="oc-4eb"/>
      </symbol>
      <symbol id="sm-1320">
         <name>__kernel_cos</name>
         <value>0x16fe8</value>
         <object_component_ref idref="oc-3ed"/>
      </symbol>
      <symbol id="sm-1337">
         <name>__kernel_sin</name>
         <value>0x1699c</value>
         <object_component_ref idref="oc-3dc"/>
      </symbol>
      <symbol id="sm-134a">
         <name>frexpl</name>
         <value>0x19294</value>
         <object_component_ref idref="oc-573"/>
      </symbol>
      <symbol id="sm-134b">
         <name>frexp</name>
         <value>0x19294</value>
         <object_component_ref idref="oc-573"/>
      </symbol>
      <symbol id="sm-1355">
         <name>__aeabi_idiv0</name>
         <value>0x19894</value>
         <object_component_ref idref="oc-34d"/>
      </symbol>
      <symbol id="sm-1356">
         <name>__aeabi_ldiv0</name>
         <value>0x19894</value>
         <object_component_ref idref="oc-34d"/>
      </symbol>
      <symbol id="sm-1372">
         <name>__aeabi_uldivmod</name>
         <value>0x15b04</value>
         <object_component_ref idref="oc-54c"/>
      </symbol>
      <symbol id="sm-137e">
         <name>__aeabi_idivmod</name>
         <value>0x195c0</value>
         <object_component_ref idref="oc-4a0"/>
      </symbol>
      <symbol id="sm-137f">
         <name>__aeabi_idiv</name>
         <value>0x195c0</value>
         <object_component_ref idref="oc-4a0"/>
      </symbol>
      <symbol id="sm-138d">
         <name>__TI_ltoa</name>
         <value>0x19214</value>
         <object_component_ref idref="oc-552"/>
      </symbol>
      <symbol id="sm-13a0">
         <name>atoi</name>
         <value>0x19190</value>
         <object_component_ref idref="oc-4c1"/>
      </symbol>
      <symbol id="sm-13ab">
         <name>_ctypes_</name>
         <value>0x19ec8</value>
         <object_component_ref idref="oc-547"/>
      </symbol>
      <symbol id="sm-13ba">
         <name>memccpy</name>
         <value>0x1979c</value>
         <object_component_ref idref="oc-4e5"/>
      </symbol>
      <symbol id="sm-13c8">
         <name>strchr</name>
         <value>0x197cc</value>
         <object_component_ref idref="oc-579"/>
      </symbol>
      <symbol id="sm-13c9">
         <name>__TI_static_base__</name>
         <value>0x0</value>
      </symbol>
      <symbol id="sm-13cd">
         <name>SHT$$INIT_ARRAY$$Base</name>
         <value>0x0</value>
      </symbol>
      <symbol id="sm-13ce">
         <name>SHT$$INIT_ARRAY$$Limit</name>
         <value>0x0</value>
      </symbol>
      <symbol id="sm-13cf">
         <name>_system_post_cinit</name>
         <value>0x0</value>
      </symbol>
   </symbol_table>
   <title>Link successful</title>
</link_info>
