******************************************************************************
                  TI ARM Linker PC v18.12.4                    
******************************************************************************
>> Linked Tue Jun 15 12:40:44 2021

OUTPUT FILE NAME:   <Camera_Control_04x.out>
ENTRY POINT SYMBOL: "_c_int00"  address: 00014e08


MEMORY CONFIGURATION

         name            origin    length      used     unused   attr    fill
----------------------  --------  ---------  --------  --------  ----  --------
  VECTORS               00000000   00000020  00000020  00000000     X
  KERNEL                00000020   00008000  00005118  00002ee8  R  X
  FLASH0                00008020   00057fe0  0000ff60  00048080  R  X
  STACKS                08000000   00000800  00000000  00000800  RW  
  KRAM                  08000800   00000800  00000104  000006fc  RW  
  RAM                   08001000   00007000  000020fc  00004f04  RW  


SEGMENT ALLOCATION MAP

run origin  load origin   length   init length attrs members
----------  ----------- ---------- ----------- ----- -------
00000000    00000000    00005138   00005138    r-x
  00000000    00000000    00000020   00000020    r-x .intvecs
  00000020    00000020    000050c0   000050c0    r-x .kernelTEXT
  000050e0    000050e0    00000058   00000058    r-- .cinit
00008020    00008020    0000ff60   0000ff60    r-x
  00008020    00008020    0000f830   0000f830    r-x .text
  00017850    00017850    00000730   00000730    r-- .const
08000800    08000800    00000104   00000000    rw-
  08000800    08000800    00000104   00000000    rw- .kernelBSS
08001000    08001000    000020fc   00000000    rw-
  08001000    08001000    00002000   00000000    rw- .kernelHEAP
  08003000    08003000    000000b0   00000000    rw- .bss
  080030b0    080030b0    0000004c   00000000    rw- .data


SECTION ALLOCATION MAP

 output                                  attributes/
section   page    origin      length       input sections
--------  ----  ----------  ----------   ----------------
.intvecs   0    00000000    00000020     
                  00000000    00000020     sys_intvecs.obj (.intvecs)

.kernelTEXT 
*          0    00000020    000050c0     
                  00000020    00002bdc     os_tasks.obj (.kernelTEXT)
                  00002bfc    000011dc     os_queue.obj (.kernelTEXT)
                  00003dd8    0000081c     os_event_groups.obj (.kernelTEXT)
                  000045f4    000003bc     os_port.obj (.kernelTEXT)
                  000049b0    000003b0     os_portasm.obj (.kernelTEXT)
                  00004d60    00000380     os_heap.obj (.kernelTEXT)

.cinit     0    000050e0    00000058     
                  000050e0    0000000c     (.cinit..data.load) [load image, compression = lzss]
                  000050ec    0000000c     (__TI_handler_table)
                  000050f8    00000009     (.cinit..kernelBSS.load) [load image, compression = lzss]
                  00005101    00000007     --HOLE-- [fill = 0]
                  00005108    00000008     (.cinit..bss.load) [load image, compression = zero_init]
                  00005110    00000008     (.cinit..kernelHEAP.load) [load image, compression = zero_init]
                  00005118    00000020     (__TI_cinit_table)

.text      0    00008020    0000f830     
                  00008020    000024f0     sys_selftest.obj (.text)
                  0000a510    00001734     MPU9250.obj (.text)
                  0000bc44    000010ec     spi.obj (.text)
                  0000cd30    00000ff0     rtsv7R4_A_be_eabi.lib : _printfi.c.obj (.text:__TI_printfi)
                  0000dd20    00000e8c                           : e_pow.c.obj (.text:pow)
                  0000ebac    00000aa0     system.obj (.text)
                  0000f64c    000009a0     os_mpu_wrappers.obj (.text)
                  0000ffec    000008fc     het.obj (.text)
                  000108e8    0000089c     sys_vim.obj (.text)
                  00011184    0000074c     spi.obj (.text:retain)
                  000118d0    000006e4     sci.obj (.text)
                  00011fb4    00000664     errata_SSWF021_45.obj (.text)
                  00012618    000005bc     esm.obj (.text)
                  00012bd4    0000044c     rtsv7R4_A_be_eabi.lib : s_atan.c.obj (.text:atan)
                  00013020    0000036c     gio.obj (.text)
                  0001338c    00000364     rtsv7R4_A_be_eabi.lib : _printfi.c.obj (.text:_pconv_a)
                  000136f0    000002f0     sys_main.obj (.text)
                  000139e0    000002d0     sys_core.obj (.text)
                  00013cb0    000002c0     rtsv7R4_A_be_eabi.lib : _printfi.c.obj (.text:_pconv_g)
                  00013f70    000002b8                           : ull_div32.asm.obj (.text)
                  00014228    0000028c                           : e_atan2.c.obj (.text:atan2)
                  000144b4    00000278     os_heap.obj (.text)
                  0001472c    00000268     sys_vim.obj (.text:retain)
                  00014994    0000023c     Utilities.obj (.text)
                  00014bd0    00000238     os_list.obj (.text)
                  00014e08    0000021c     sys_startup.obj (.text:retain)
                  00015024    00000214     rtsv7R4_A_be_eabi.lib : fd_add32.asm.obj (.text)
                  00015238    000001ec                           : e_sqrt.c.obj (.text:sqrt)
                  00015424    000001b4     os_port.obj (.text)
                  000155d8    000001b0     rtsv7R4_A_be_eabi.lib : _printfi.c.obj (.text:_pconv_e)
                  00015788    000001ac                           : _printfi.c.obj (.text:fcvt)
                  00015934    00000198     PWM.obj (.text)
                  00015acc    00000190     rtsv7R4_A_be_eabi.lib : fd_div32.asm.obj (.text)
                  00015c5c    00000180                           : memcpy32.asm.obj (.text)
                  00015ddc    00000164     os_tasks.obj (.text)
                  00015f40    00000158     rtsv7R4_A_be_eabi.lib : s_floor.c.obj (.text:floor)
                  00016098    00000154     pinmux.obj (.text)
                  000161ec    00000134     rtsv7R4_A_be_eabi.lib : fs_add32.asm.obj (.text)
                  00016320    00000128                           : fd_mul32.asm.obj (.text)
                  00016448    00000120                           : s_scalbn.c.obj (.text:scalbn)
                  00016568    00000115                           : _printfi.c.obj (.text:_ltostr)
                  0001667d    00000003     --HOLE-- [fill = 0]
                  00016680    000000f8     notification.obj (.text)
                  00016778    000000ec     esm.obj (.text:retain)
                  00016864    000000e8     dabort.obj (.text)
                  0001694c    000000e0     rtsv7R4_A_be_eabi.lib : fd_cmp32.asm.obj (.text:__aeabi_cdcmple)
                  00016a2c    000000e0                           : fd_cmp32.asm.obj (.text:__aeabi_cdrcmple)
                  00016b0c    000000e0     sys_pmu.obj (.text)
                  00016bec    000000dc     Encoder.obj (.text)
                  00016cc8    000000c8     rtsv7R4_A_be_eabi.lib : _printfi.c.obj (.text:_mcpy)
                  00016d90    000000b0                           : memset32.asm.obj (.text)
                  00016e40    000000a8                           : fs_mul32.asm.obj (.text)
                  00016ee8    0000009c                           : fd_tos32.asm.obj (.text)
                  00016f84    00000098                           : _printfi.c.obj (.text:_ecpy)
                  0001701c    00000090                           : copy_decompress_lzss.c.obj (.text:decompress:lzss:__TI_decompress_lzss)
                  000170ac    00000088                           : fs_cmp32.asm.obj (.text:__aeabi_cfcmple)
                  00017134    00000084                           : _printfi.c.obj (.text:_pconv_f)
                  000171b8    00000084                           : atoi.c.obj (.text:atoi)
                  0001723c    00000080                           : ltoa.c.obj (.text:ltoa)
                  000172bc    0000007c                           : s_frexp.c.obj (.text:frexp)
                  00017338    00000068                           : autoinit.c.obj (.text:__TI_auto_init_nobinit_nopinit:__TI_auto_init_nobinit_nopinit)
                  000173a0    00000064                           : _printfi.c.obj (.text:_fcpy)
                  00017404    00000064                           : sprintf.c.obj (.text:sprintf)
                  00017468    0000005c                           : fd_toi32.asm.obj (.text)
                  000174c4    0000005c                           : fs_tod32.asm.obj (.text)
                  00017520    00000058                           : fd_tou32.asm.obj (.text)
                  00017578    00000054                           : i_div32.asm.obj (.text)
                  000175cc    00000050                           : u_div32.asm.obj (.text)
                  0001761c    0000004c                           : fs_toi32.asm.obj (.text)
                  00017668    0000004c                           : i_tofs32.asm.obj (.text)
                  000176b4    0000003c                           : i_tofd32.asm.obj (.text)
                  000176f0    00000034                           : u_tofd32.asm.obj (.text)
                  00017724    00000030                           : sprintf.c.obj (.text:_outs)
                  00017754    0000002c                           : memccpy.c.obj (.text:memccpy)
                  00017780    00000028                           : strchr.c.obj (.text:strchr)
                  000177a8    00000024                           : wcslen.c.obj (.text:wcslen)
                  000177cc    00000020                           : strlen.c.obj (.text:strlen)
                  000177ec    00000014                           : sprintf.c.obj (.text:_outc)
                  00017800    00000014                           : copy_decompress_none.c.obj (.text:decompress:none:__TI_decompress_none)
                  00017814    00000010                           : copy_zero_init.c.obj (.text:decompress:ZI:__TI_zero_init)
                  00017824    0000000c                           : errno.c.obj (.text:__aeabi_errno_addr)
                  00017830    0000000c                           : s_copysign.c.obj (.text:copysign)
                  0001783c    00000008                           : exit.c.obj (.text:abort:abort)
                  00017844    00000004     sys_phantom.obj (.text:retain)
                  00017848    00000004     rtsv7R4_A_be_eabi.lib : div0.asm.obj (.text)
                  0001784c    00000004     sys_startup.obj (.text)

.const     0    00017850    00000730     
                  00017850    000003a0     het.obj (.const:het1PROGRAM)
                  00017bf0    00000180     sys_vim.obj (.const:s_vim_init)
                  00017d70    00000101     rtsv7R4_A_be_eabi.lib : ctype.c.obj (.const:.string:_ctypes_)
                  00017e71    00000007     --HOLE-- [fill = 0]
                  00017e78    00000058                           : s_atan.c.obj (.const:aT)
                  00017ed0    00000020                           : s_atan.c.obj (.const:atanhi)
                  00017ef0    00000020                           : s_atan.c.obj (.const:atanlo)
                  00017f10    00000020     PWM.obj (.const:s_het1pwmPolarity)
                  00017f30    00000020     het.obj (.const:s_het1pwmPolarity)
                  00017f50    00000010     rtsv7R4_A_be_eabi.lib : e_pow.c.obj (.const:bp)
                  00017f60    00000010                           : e_pow.c.obj (.const:dp_h)
                  00017f70    00000010                           : e_pow.c.obj (.const:dp_l)

.kernelBSS 
*          0    08000800    00000104     UNINITIALIZED
                  08000800    000000d0     os_tasks.obj (.kernelBSS:uninit)
                  080008d0    00000034     os_tasks.obj (.kernelBSS:init)

.kernelHEAP 
*          0    08001000    00002000     UNINITIALIZED
                  08001000    00002000     os_heap.obj (.kernelHEAP)

.bss       0    08003000    000000b0     UNINITIALIZED
                  08003000    00000048     spi.obj (.bss:g_spiPacket_t)
                  08003048    00000034     (.common:command)
                  0800307c    00000014     sci.obj (.bss:g_sciTransfer_t)
                  08003090    00000010     (.common:STABILIZER)
                  080030a0    00000008     os_heap.obj (.bss:xStart)
                  080030a8    00000004     Encoder.obj (.bss:SPI3_data_configCh0)
                  080030ac    00000004     (.common:SPI1_data_configCh0)

.data      0    080030b0    0000004c     UNINITIALIZED
                  080030b0    00000010     os_heap.obj (.data)
                  080030c0    0000000e     MPU9250.obj (.data:AK8963ReadOut)
                  080030ce    00000008     Encoder.obj (.data:CmmdSPI03)
                  080030d6    00000008     MPU9250.obj (.data:ComandoSPI)
                  080030de    00000008     MPU9250.obj (.data:DatoSPI01)
                  080030e6    00000008     Encoder.obj (.data:DatoSPI03)
                  080030ee    00000002     --HOLE--
                  080030f0    00000008     os_port.obj (.data)
                  080030f8    00000004     rtsv7R4_A_be_eabi.lib : errno.c.obj (.data)

MODULE SUMMARY

       Module                       code    ro data   rw data
       ------                       ----    -------   -------
    .\drivers\
       MPU9250.obj                  5940    0         34     
       Utilities.obj                572     0         0      
       PWM.obj                      408     32        0      
       Encoder.obj                  220     0         20     
    +--+----------------------------+-------+---------+---------+
       Total:                       7140    32        54     
                                                             
    .\source\
       os_tasks.obj                 11584   0         260    
       os_heap.obj                  1528    0         8216   
       sys_selftest.obj             9456    0         0      
       spi.obj                      6200    0         72     
       os_queue.obj                 4572    0         0      
       het.obj                      2300    960       0      
       sys_vim.obj                  2820    384       0      
       system.obj                   2720    0         0      
       os_mpu_wrappers.obj          2464    0         0      
       os_event_groups.obj          2076    0         0      
       sci.obj                      1764    0         20     
       esm.obj                      1704    0         0      
       errata_SSWF021_45.obj        1636    0         0      
       os_port.obj                  1392    0         8      
       os_portasm.obj               944     0         0      
       gio.obj                      876     0         0      
       sys_main.obj                 752     0         68     
       sys_core.obj                 720     0         0      
       os_list.obj                  568     0         0      
       sys_startup.obj              544     0         0      
       pinmux.obj                   340     0         0      
       notification.obj             248     0         0      
       dabort.obj                   232     0         0      
       sys_pmu.obj                  224     0         0      
       sys_intvecs.obj              32      0         0      
       sys_phantom.obj              4       0         0      
    +--+----------------------------+-------+---------+---------+
       Total:                       57700   1344      8644   
                                                             
    C:\ti\ccs930\ccs\tools\compiler\ti-cgt-arm_18.12.4.LTS\lib\rtsv7R4_A_be_eabi.lib
       _printfi.c.obj               7373    0         0      
       e_pow.c.obj                  3724    48        0      
       s_atan.c.obj                 1100    152       0      
       ull_div32.asm.obj            696     0         0      
       e_atan2.c.obj                652     0         0      
       fd_add32.asm.obj             532     0         0      
       e_sqrt.c.obj                 492     0         0      
       fd_cmp32.asm.obj             448     0         0      
       fd_div32.asm.obj             400     0         0      
       memcpy32.asm.obj             384     0         0      
       s_floor.c.obj                344     0         0      
       fs_add32.asm.obj             308     0         0      
       fd_mul32.asm.obj             296     0         0      
       s_scalbn.c.obj               288     0         0      
       ctype.c.obj                  0       257       0      
       memset32.asm.obj             176     0         0      
       fs_mul32.asm.obj             168     0         0      
       sprintf.c.obj                168     0         0      
       fd_tos32.asm.obj             156     0         0      
       copy_decompress_lzss.c.obj   144     0         0      
       fs_cmp32.asm.obj             136     0         0      
       atoi.c.obj                   132     0         0      
       ltoa.c.obj                   128     0         0      
       s_frexp.c.obj                124     0         0      
       autoinit.c.obj               104     0         0      
       fd_toi32.asm.obj             92      0         0      
       fs_tod32.asm.obj             92      0         0      
       fd_tou32.asm.obj             88      0         0      
       i_div32.asm.obj              84      0         0      
       u_div32.asm.obj              80      0         0      
       fs_toi32.asm.obj             76      0         0      
       i_tofs32.asm.obj             76      0         0      
       i_tofd32.asm.obj             60      0         0      
       u_tofd32.asm.obj             52      0         0      
       memccpy.c.obj                44      0         0      
       strchr.c.obj                 40      0         0      
       wcslen.c.obj                 36      0         0      
       strlen.c.obj                 32      0         0      
       copy_decompress_none.c.obj   20      0         0      
       copy_zero_init.c.obj         16      0         0      
       errno.c.obj                  12      0         4      
       s_copysign.c.obj             12      0         0      
       exit.c.obj                   8       0         0      
       div0.asm.obj                 4       0         0      
    +--+----------------------------+-------+---------+---------+
       Total:                       19397   457       4      
                                                             
       Linker Generated:            0       81        0      
    +--+----------------------------+-------+---------+---------+
       Grand Total:                 84237   1914      8702   


LINKER GENERATED COPY TABLES

__TI_cinit_table @ 00005118 records: 4, size/record: 8, table size: 32
	.data: load addr=000050e0, load size=0000000c bytes, run addr=080030b0, run size=0000004c bytes, compression=lzss
	.kernelBSS: load addr=000050f8, load size=00000009 bytes, run addr=08000800, run size=00000104 bytes, compression=lzss
	.bss: load addr=00005108, load size=00000008 bytes, run addr=08003000, run size=000000b0 bytes, compression=zero_init
	.kernelHEAP: load addr=00005110, load size=00000008 bytes, run addr=08001000, run size=00002000 bytes, compression=zero_init


LINKER GENERATED HANDLER TABLE

__TI_handler_table @ 000050ec records: 3, size/record: 4, table size: 12
	index: 0, handler: __TI_decompress_lzss
	index: 1, handler: __TI_decompress_none
	index: 2, handler: __TI_zero_init


GLOBAL SYMBOLS: SORTED ALPHABETICALLY BY Name 

address   name                                  
-------   ----                                  
080030c0  AK8963ReadOut                         
0001783c  C$$EXIT                               
080030d6  ComandoSPI                            
080030de  DatoSPI01                             
00016bec  EncoderInit                           
00016c20  EncoderRead                           
0000a510  MPUInit                               
0000f81c  MPU_eTaskGetState                     
0000f984  MPU_pcTaskGetName                     
0000fa64  MPU_pvTaskGetThreadLocalStoragePointer
0000fb7c  MPU_ulTaskNotifyTake                  
0000fd38  MPU_uxQueueMessagesWaiting            
0000fd6c  MPU_uxQueueSpacesAvailable            
0000f958  MPU_uxTaskGetNumberOfTasks            
0000f9ec  MPU_uxTaskGetStackHighWaterMark       
0000f7e8  MPU_uxTaskPriorityGet                 
0000ffc0  MPU_vEventGroupDelete                 
0000fda0  MPU_vQueueDelete                      
0000f6f4  MPU_vTaskAllocateMPURegions           
0000f754  MPU_vTaskDelay                        
0000f780  MPU_vTaskDelayUntil                   
0000f728  MPU_vTaskDelete                       
0000f850  MPU_vTaskPrioritySet                  
0000f8b0  MPU_vTaskResume                       
0000fa20  MPU_vTaskSetThreadLocalStoragePointer 
0000fbf4  MPU_vTaskSetTimeOutState              
0000f884  MPU_vTaskSuspend                      
0000f8dc  MPU_vTaskSuspendAll                   
0000fee4  MPU_xEventGroupClearBits              
0000fe5c  MPU_xEventGroupCreate                 
0000ff28  MPU_xEventGroupSetBits                
0000ff6c  MPU_xEventGroupSync                   
0000fe88  MPU_xEventGroupWaitBits               
0000fdcc  MPU_xQueueGenericCreate               
0000fce4  MPU_xQueueGenericReceive              
0000fe18  MPU_xQueueGenericReset                
0000fc90  MPU_xQueueGenericSend                 
0000f7b4  MPU_xTaskAbortDelay                   
0000fc20  MPU_xTaskCheckForTimeOut              
0000f64c  MPU_xTaskCreate                       
0000f6b0  MPU_xTaskCreateRestricted             
0000fad4  MPU_xTaskGenericNotify                
0000f9b8  MPU_xTaskGetHandle                    
0000faa8  MPU_xTaskGetIdleTaskHandle            
0000fc64  MPU_xTaskGetSchedulerState            
0000f92c  MPU_xTaskGetTickCount                 
0000fbc0  MPU_xTaskNotifyStateClear             
0000fb28  MPU_xTaskNotifyWait                   
0000f900  MPU_xTaskResumeAll                    
UNDEFED   SHT$$INIT_ARRAY$$Base                 
UNDEFED   SHT$$INIT_ARRAY$$Limit                
080030ac  SPI1_data_configCh0                   
08003090  STABILIZER                            
0000c674  SpiRxStatus                           
0000c618  SpiTxStatus                           
00005118  __TI_CINIT_Base                       
00005138  __TI_CINIT_Limit                      
000050ec  __TI_Handler_Table_Base               
000050f8  __TI_Handler_Table_Limit              
00013ca8  __TI_PINIT_Base                       
00013cac  __TI_PINIT_Limit                      
00017338  __TI_auto_init_nobinit_nopinit        
0001701c  __TI_decompress_lzss                  
00017800  __TI_decompress_none                  
ffffffff  __TI_pprof_out_hndl                   
0000cd30  __TI_printfi                          
ffffffff  __TI_prof_data_size                   
ffffffff  __TI_prof_data_start                  
00000000  __TI_static_base__                    
00017814  __TI_zero_init                        
0001694c  __aeabi_cdcmpeq                       
0001694c  __aeabi_cdcmple                       
00016a2c  __aeabi_cdrcmple                      
000170ac  __aeabi_cfcmpeq                       
000170ac  __aeabi_cfcmple                       
00016ee8  __aeabi_d2f                           
00017468  __aeabi_d2iz                          
00017520  __aeabi_d2uiz                         
00015030  __aeabi_dadd                          
00015acc  __aeabi_ddiv                          
00016320  __aeabi_dmul                          
00015024  __aeabi_dsub                          
00017824  __aeabi_errno_addr                    
000174c4  __aeabi_f2d                           
0001761c  __aeabi_f2iz                          
000161f0  __aeabi_fadd                          
00016e40  __aeabi_fmul                          
000161ec  __aeabi_fsub                          
000176b4  __aeabi_i2d                           
00017668  __aeabi_i2f                           
00017578  __aeabi_idiv                          
00017848  __aeabi_idiv0                         
00017578  __aeabi_idivmod                       
00017848  __aeabi_ldiv0                         
00016d90  __aeabi_memclr                        
00016d90  __aeabi_memclr4                       
00016d90  __aeabi_memclr8                       
00015c5c  __aeabi_memcpy                        
00015c5c  __aeabi_memcpy4                       
00015c5c  __aeabi_memcpy8                       
00016d94  __aeabi_memset                        
00016d94  __aeabi_memset4                       
00016d94  __aeabi_memset8                       
000176f0  __aeabi_ui2d                          
000175cc  __aeabi_uidiv                         
000175cc  __aeabi_uidivmod                      
00013f70  __aeabi_uldivmod                      
ffffffff  __binit__                             
ffffffff  __c_args__                            
00014e08  _c_int00                              
00013bd0  _coreClearAuxiliaryDataFault_         
00013be4  _coreClearAuxiliaryInstructionFault_  
00013ba8  _coreClearDataFaultAddress_           
00013b80  _coreClearDataFault_                  
00013bbc  _coreClearInstructionFaultAddress_    
00013b94  _coreClearInstructionFault_           
00013b14  _coreDisableEventBusExport_           
00013b58  _coreDisableFlashEcc_                 
00013b34  _coreDisableRamEcc_                   
00013b04  _coreEnableEventBusExport_            
00013b44  _coreEnableFlashEcc_                  
00013b68  _coreEnableIrqVicOffset_              
00013b24  _coreEnableRamEcc_                    
00013bc8  _coreGetAuxiliaryDataFault_           
00013bdc  _coreGetAuxiliaryInstructionFault_    
00013ba0  _coreGetDataFaultAddress_             
00013b78  _coreGetDataFault_                    
00013bb4  _coreGetInstructionFaultAddress_      
00013b8c  _coreGetInstructionFault_             
000139e0  _coreInitRegisters_                   
00013a98  _coreInitStackPointer_                
00017d70  _ctypes_                              
00016864  _dabort                               
00013bf8  _disable_FIQ_interrupt_               
00013c00  _disable_IRQ_interrupt_               
00013bf0  _disable_interrupt_                   
00013c08  _enable_interrupt_                    
00013c98  _errata_CORTEXR4_66_                  
00011fb4  _errata_SSWF021_45_both_plls          
000121a8  _errata_SSWF021_45_pll1               
00012320  _errata_SSWF021_45_pll2               
00013c10  _esmCcmErrorsClear_                   
00013ae4  _getCPSRValue_                        
00013aec  _gotoCPUIdle_                         
00016b68  _pmuDisableCountersGlobal_            
00016b58  _pmuEnableCountersGlobal_             
00016bc4  _pmuGetCycleCount_                    
00016bcc  _pmuGetEventCount_                    
00016bd8  _pmuGetOverflow_                      
00016b0c  _pmuInit_                             
00016b98  _pmuResetCounters_                    
00016b78  _pmuResetCycleCounter_                
00016b88  _pmuResetEventCounters_               
00016bb8  _pmuSetCountEvent_                    
00016ba8  _pmuStartCounters_                    
00016bb0  _pmuStopCounters_                     
UNDEFED   _system_post_cinit                    
0001783c  abort                                 
00009004  adc1ParityCheck                       
000166d8  adcNotification                       
00012bd4  atan                                  
00014228  atan2                                 
00014228  atan2l                                
00012bd4  atanl                                 
000171b8  atoi                                  
ffffffff  binit                                 
000090bc  can1ParityCheck                       
00009198  can2ParityCheck                       
000105fc  capGetSignal                          
00008030  ccmSelfCheck                          
0000a034  ccmr4GetConfigValue                   
00008938  checkB0RAMECC                         
00008b28  checkB1RAMECC                         
00009604  checkClockMonitor                     
00008d18  checkFlashECC                         
000096d8  checkFlashEEPROMECC                   
00009880  checkPLL1Slip                         
0000999c  checkRAMAddrParity                    
000093bc  checkRAMECC                           
00009aa4  checkRAMUERRTest                      
000087bc  checkefcSelfTest                      
08003048  command                               
0000b594  config_AK8963                         
0000b69c  config_AK8963_VF                      
0000b548  config_MPU_9250                       
0000b654  config_MPU_9250_VF                    
00017830  copysign                              
00017830  copysignl                             
00008234  cpuSelfTest                           
00008dfc  cpuSelfTestFail                       
0000f58c  customTrimLPO                         
00008df4  custom_dabort                         
0000a424  disableParity                         
00001f18  eTaskConfirmSleepModeStatus           
00000890  eTaskGetState                         
000105bc  edgeDisableNotification               
00010580  edgeEnableNotification                
00010554  edgeGetCounter                        
00016750  edgeNotification                      
00010528  edgeResetCounter                      
00008660  efcCheck                              
00009f98  efcGetConfigValue                     
00008794  efcSelfTest                           
000086e8  efcStuckZeroTest                      
0000a3d0  enableParity                          
0000a0b0  errata_PBIST_4                        
080030f8  errno                                 
0001279c  esmActivateNormalOperation            
00012870  esmClearStatus                        
000128b0  esmClearStatusBuffer                  
00012764  esmDisableError                       
000127d4  esmDisableInterrupt                   
0001273c  esmEnableError                        
000127ac  esmEnableInterrupt                    
000129a8  esmEnterSelfTest                      
00012720  esmError                              
00012a80  esmGetConfigValue                     
000128ec  esmGetStatus                          
00012970  esmGetStatusBuffer                    
00016680  esmGroup1Notification                 
00016690  esmGroup2Notification                 
00016778  esmHighInterrupt                      
00012618  esmInit                               
00012a30  esmSelfTestStatus                     
000128cc  esmSetCounterPreloadValue             
000127fc  esmSetInterruptLevel                  
0001278c  esmTriggerErrorPinReset               
00015f40  floor                                 
00015f40  floorl                                
00009c00  fmcBus1ParityCheck                    
0000885c  fmcBus2Check                          
00008898  fmcECCcheck                           
000172bc  frexp                                 
000172bc  frexpl                                
00014994  ftoa                                  
00013218  gioDisableNotification                
000131dc  gioEnableNotification                 
00013144  gioGetBit                             
00013254  gioGetConfigValue                     
0001316c  gioGetPort                            
00013020  gioInit                               
000166ec  gioNotification                       
000130d4  gioSetBit                             
000130b4  gioSetDirection                       
00013124  gioSetPort                            
00013184  gioToggleBit                          
0000bbe8  hacernada                             
0001784c  handlePLLLockFail                     
00010710  het1GetConfigValue                    
00008eac  het1ParityCheck                       
000106f8  hetGetTimestamp                       
0000ffec  hetInit                               
00016764  hetNotification                       
000106dc  hetResetTimestamp                     
00008f4c  htu1ParityCheck                       
00016448  ldexp                                 
00016448  ldexpl                                
0001723c  ltoa                                  
000136f0  main                                  
0000ed04  mapClocks                             
00017754  memccpy                               
00015c5c  memcpy                                
00008174  memoryInit                            
000166a0  memoryPort0TestFailNotification       
000166bc  memoryPort1TestFailNotification       
00016da0  memset                                
000113c4  mibspi1HighLevelInterrupt             
00011184  mibspi1LowLevelInterrupt              
00009260  mibspi1ParityCheck                    
0000a9e4  mpuGetGyroAccel                       
0000a628  mpuGetMagnetometer                    
00016098  muxInit                               
00009d2c  pbistFail                             
00009db0  pbistGetConfigValue                   
000085a8  pbistIsTestCompleted                  
000085d4  pbistIsTestPassed                     
00008608  pbistPortTestStatus                   
000084ac  pbistRun                              
000082cc  pbistSelfCheck                        
00008578  pbistStop                             
00001354  pcTaskGetName                         
0000ecb0  periphInit                            
00017844  phantomInterrupt                      
00016120  pinmuxGetConfigValue                  
0000dd48  pow                                   
0000dd48  powl                                  
00004d38  prvMpuDisable                         
00004d20  prvMpuEnable                          
00004d08  prvMpuSetRegion                       
00004d60  pvPortMalloc                          
00001ff8  pvTaskGetThreadLocalStoragePointer    
000104f8  pwmDisableNotification                
000104b0  pwmEnableNotification                 
000103c8  pwmGetSignal                          
00016738  pwmNotification                       
00010114  pwmSetDuty                            
00010250  pwmSetSignal                          
00015934  pwmSetSignal10e3                      
000100ac  pwmStart                              
000100e0  pwmStop                               
080008d0  pxCurrentTCB                          
000045f4  pxPortInitialiseStack                 
0000a7c4  read_AK8963                           
0000b768  read_AK8963_VF                        
0000b944  read_MANG_AK8963_VF                   
0000ae6c  read_MPU_ACEL_TMP_VF                  
00000000  resetEntry                            
00016448  scalbn                                
00016448  scalbnl                               
00011d1c  sciDisableLoopback                    
00011d74  sciDisableNotification                
00011ce8  sciEnableLoopback                     
00011d38  sciEnableNotification                 
00011db0  sciEnterResetState                    
0000bb5c  sciEnviarDatos                        
0000bba0  sciEnviarDatos01                      
00011dd0  sciExitResetState                     
000118d0  sciInit                               
00011bd0  sciIsIdleDetected                     
00011bb4  sciIsRxReady                          
00011a94  sciIsTxReady                          
0000bc1c  sciNotification                       
00011c48  sciReceive                            
00011c1c  sciReceiveByte                        
00011bec  sciRxError                            
00011ae0  sciSend                               
00011ab0  sciSendByte                           
000119dc  sciSetBaudrate                        
000119bc  sciSetFunctional                      
00011e08  scilinGetConfigValue                  
00008020  selftestFailNotification              
0000ec70  setupFlash                            
0000ebac  setupPLL                              
00014a6c  sltoa                                 
0000c77c  spi1GetConfigValue                    
0000c90c  spi2GetConfigValue                    
0000ca9c  spi3GetConfigValue                    
00011604  spi3HighInterruptLevel                
0000c704  spiDisableLoopback                    
0000c750  spiDisableNotification                
0000c6d0  spiEnableLoopback                     
0000c720  spiEnableNotification                 
00016728  spiEndNotification                    
0000c110  spiGetData                            
0000bc44  spiInit                               
00016714  spiNotification                       
0000bff4  spiReceiveData                        
0000c508  spiSendAndGetData                     
0000c304  spiSendData                           
0000bfd4  spiSetFunctional                      
0000c3cc  spiTransmitAndReceiveData             
0000c1d8  spiTransmitData                       
00017404  sprintf                               
00015238  sqrt                                  
00015238  sqrtl                                 
0000f450  sramGetConfigValue                    
00009ef8  stcGetConfigValue                     
000081b8  stcSelfCheck                          
00008df8  stcSelfCheckFail                      
00017780  strchr                                
000177cc  strlen                                
0000eee4  systemGetConfigValue                  
0000ede8  systemInit                            
0000eeb4  systemPowerDown                       
0000f2a4  tcmflashGetConfigValue                
0000ebfc  trimLPO                               
080030f0  ulCriticalNesting                     
00004c44  ulPortCountLeadingZeros               
080030f4  ulTaskHasFPUContext                   
00002390  ulTaskNotifyTake                      
00014d7c  uxListRemove                          
00003910  uxQueueMessagesWaiting                
00003994  uxQueueMessagesWaitingFromISR         
00003948  uxQueueSpacesAvailable                
00001348  uxTaskGetNumberOfTasks                
0000223c  uxTaskGetStackHighWaterMark           
00000994  uxTaskPriorityGet                     
000009d8  uxTaskPriorityGetFromISR              
00002354  uxTaskResetEventItemValue             
00013730  vEncoder                              
0000456c  vEventGroupClearBitsCallback          
000044cc  vEventGroupDelete                     
00004550  vEventGroupSetBitsCallback            
00014bd0  vListInitialise                       
00014c28  vListInitialiseItem                   
00014cb8  vListInsert                           
00014c44  vListInsertEnd                        
00013770  vMPU                                  
0000497c  vPortEndScheduler                     
00004fb8  vPortFree                             
000050c8  vPortInitialiseBlocks                 
00004b84  vPortPreemptiveTick                   
00004c4c  vPortSWI                              
000049b4  vPortStartFirstTask                   
000046e4  vPortStoreTaskMPUSettings             
00004ad0  vPortYeildWithinAPI                   
00004a24  vPortYieldProcessor                   
000039c4  vQueueDelete                          
000138e4  vServo                                
00002064  vTaskAllocateMPURegions               
0000080c  vTaskDelay                            
000006a0  vTaskDelayUntil                       
00000538  vTaskDelete                           
00001084  vTaskEndScheduler                     
00001f08  vTaskMissedYield                      
00002954  vTaskNotifyGiveFromISR                
00001ad0  vTaskPlaceOnEventList                 
00001b14  vTaskPlaceOnUnorderedEventList        
00000a20  vTaskPrioritySet                      
00000e20  vTaskResume                           
00001f94  vTaskSetThreadLocalStoragePointer     
00001d90  vTaskSetTimeOutState                  
00000fec  vTaskStartScheduler                   
0000166c  vTaskStepTick                         
00000c18  vTaskSuspend                          
000010a0  vTaskSuspendAll                       
000019f0  vTaskSwitchContext                    
000109bc  vimChannelMap                         
00010bb8  vimDisableInterrupt                   
00010a60  vimEnableInterrupt                    
00010c3c  vimGetConfigValue                     
000108e8  vimInit                               
00008e00  vimParityCheck                        
0001472c  vimParityErrorHandler                 
0000a5d8  wait                                  
000177a8  wcslen                                
0000a8f8  write_AK8963                          
0000b85c  write_AK8963_VF                       
00004268  xEventGroupClearBits                  
00003dd8  xEventGroupCreate                     
000042ec  xEventGroupGetBitsFromISR             
0000431c  xEventGroupSetBits                    
00003e14  xEventGroupSync                       
00004014  xEventGroupWaitBits                   
000050b0  xPortGetFreeHeapSize                  
000050bc  xPortGetMinimumEverFreeHeapSize       
00004958  xPortStartScheduler                   
00002d24  xQueueGenericCreate                   
000033fc  xQueueGenericReceive                  
00002bfc  xQueueGenericReset                    
00002e40  xQueueGenericSend                     
00003100  xQueueGenericSendFromISR              
00003290  xQueueGiveFromISR                     
00003cfc  xQueueIsQueueEmptyFromISR             
00003d88  xQueueIsQueueFullFromISR              
0000381c  xQueuePeekFromISR                     
000036d4  xQueueReceiveFromISR                  
000016c8  xTaskAbortDelay                       
00001dd0  xTaskCheckForTimeOut                  
000000fc  xTaskCreate                           
00000020  xTaskCreateRestricted                 
00002580  xTaskGenericNotify                    
00002754  xTaskGenericNotifyFromISR             
0000152c  xTaskGetHandle                        
00001634  xTaskGetIdleTaskHandle                
00002304  xTaskGetSchedulerState                
00001308  xTaskGetTickCount                     
00001324  xTaskGetTickCountFromISR              
000017c8  xTaskIncrementTick                    
00015ec4  xTaskNotifyStateClear                 
00002468  xTaskNotifyWait                       
00001b98  xTaskRemoveFromEventList              
00001c88  xTaskRemoveFromUnorderedEventList     
00001158  xTaskResumeAll                        
00000f04  xTaskResumeFromISR                    


GLOBAL SYMBOLS: SORTED BY Symbol Address 

address   name                                  
-------   ----                                  
00000000  __TI_static_base__                    
00000000  resetEntry                            
00000020  xTaskCreateRestricted                 
000000fc  xTaskCreate                           
00000538  vTaskDelete                           
000006a0  vTaskDelayUntil                       
0000080c  vTaskDelay                            
00000890  eTaskGetState                         
00000994  uxTaskPriorityGet                     
000009d8  uxTaskPriorityGetFromISR              
00000a20  vTaskPrioritySet                      
00000c18  vTaskSuspend                          
00000e20  vTaskResume                           
00000f04  xTaskResumeFromISR                    
00000fec  vTaskStartScheduler                   
00001084  vTaskEndScheduler                     
000010a0  vTaskSuspendAll                       
00001158  xTaskResumeAll                        
00001308  xTaskGetTickCount                     
00001324  xTaskGetTickCountFromISR              
00001348  uxTaskGetNumberOfTasks                
00001354  pcTaskGetName                         
0000152c  xTaskGetHandle                        
00001634  xTaskGetIdleTaskHandle                
0000166c  vTaskStepTick                         
000016c8  xTaskAbortDelay                       
000017c8  xTaskIncrementTick                    
000019f0  vTaskSwitchContext                    
00001ad0  vTaskPlaceOnEventList                 
00001b14  vTaskPlaceOnUnorderedEventList        
00001b98  xTaskRemoveFromEventList              
00001c88  xTaskRemoveFromUnorderedEventList     
00001d90  vTaskSetTimeOutState                  
00001dd0  xTaskCheckForTimeOut                  
00001f08  vTaskMissedYield                      
00001f18  eTaskConfirmSleepModeStatus           
00001f94  vTaskSetThreadLocalStoragePointer     
00001ff8  pvTaskGetThreadLocalStoragePointer    
00002064  vTaskAllocateMPURegions               
0000223c  uxTaskGetStackHighWaterMark           
00002304  xTaskGetSchedulerState                
00002354  uxTaskResetEventItemValue             
00002390  ulTaskNotifyTake                      
00002468  xTaskNotifyWait                       
00002580  xTaskGenericNotify                    
00002754  xTaskGenericNotifyFromISR             
00002954  vTaskNotifyGiveFromISR                
00002bfc  xQueueGenericReset                    
00002d24  xQueueGenericCreate                   
00002e40  xQueueGenericSend                     
00003100  xQueueGenericSendFromISR              
00003290  xQueueGiveFromISR                     
000033fc  xQueueGenericReceive                  
000036d4  xQueueReceiveFromISR                  
0000381c  xQueuePeekFromISR                     
00003910  uxQueueMessagesWaiting                
00003948  uxQueueSpacesAvailable                
00003994  uxQueueMessagesWaitingFromISR         
000039c4  vQueueDelete                          
00003cfc  xQueueIsQueueEmptyFromISR             
00003d88  xQueueIsQueueFullFromISR              
00003dd8  xEventGroupCreate                     
00003e14  xEventGroupSync                       
00004014  xEventGroupWaitBits                   
00004268  xEventGroupClearBits                  
000042ec  xEventGroupGetBitsFromISR             
0000431c  xEventGroupSetBits                    
000044cc  vEventGroupDelete                     
00004550  vEventGroupSetBitsCallback            
0000456c  vEventGroupClearBitsCallback          
000045f4  pxPortInitialiseStack                 
000046e4  vPortStoreTaskMPUSettings             
00004958  xPortStartScheduler                   
0000497c  vPortEndScheduler                     
000049b4  vPortStartFirstTask                   
00004a24  vPortYieldProcessor                   
00004ad0  vPortYeildWithinAPI                   
00004b84  vPortPreemptiveTick                   
00004c44  ulPortCountLeadingZeros               
00004c4c  vPortSWI                              
00004d08  prvMpuSetRegion                       
00004d20  prvMpuEnable                          
00004d38  prvMpuDisable                         
00004d60  pvPortMalloc                          
00004fb8  vPortFree                             
000050b0  xPortGetFreeHeapSize                  
000050bc  xPortGetMinimumEverFreeHeapSize       
000050c8  vPortInitialiseBlocks                 
000050ec  __TI_Handler_Table_Base               
000050f8  __TI_Handler_Table_Limit              
00005118  __TI_CINIT_Base                       
00005138  __TI_CINIT_Limit                      
00008020  selftestFailNotification              
00008030  ccmSelfCheck                          
00008174  memoryInit                            
000081b8  stcSelfCheck                          
00008234  cpuSelfTest                           
000082cc  pbistSelfCheck                        
000084ac  pbistRun                              
00008578  pbistStop                             
000085a8  pbistIsTestCompleted                  
000085d4  pbistIsTestPassed                     
00008608  pbistPortTestStatus                   
00008660  efcCheck                              
000086e8  efcStuckZeroTest                      
00008794  efcSelfTest                           
000087bc  checkefcSelfTest                      
0000885c  fmcBus2Check                          
00008898  fmcECCcheck                           
00008938  checkB0RAMECC                         
00008b28  checkB1RAMECC                         
00008d18  checkFlashECC                         
00008df4  custom_dabort                         
00008df8  stcSelfCheckFail                      
00008dfc  cpuSelfTestFail                       
00008e00  vimParityCheck                        
00008eac  het1ParityCheck                       
00008f4c  htu1ParityCheck                       
00009004  adc1ParityCheck                       
000090bc  can1ParityCheck                       
00009198  can2ParityCheck                       
00009260  mibspi1ParityCheck                    
000093bc  checkRAMECC                           
00009604  checkClockMonitor                     
000096d8  checkFlashEEPROMECC                   
00009880  checkPLL1Slip                         
0000999c  checkRAMAddrParity                    
00009aa4  checkRAMUERRTest                      
00009c00  fmcBus1ParityCheck                    
00009d2c  pbistFail                             
00009db0  pbistGetConfigValue                   
00009ef8  stcGetConfigValue                     
00009f98  efcGetConfigValue                     
0000a034  ccmr4GetConfigValue                   
0000a0b0  errata_PBIST_4                        
0000a3d0  enableParity                          
0000a424  disableParity                         
0000a510  MPUInit                               
0000a5d8  wait                                  
0000a628  mpuGetMagnetometer                    
0000a7c4  read_AK8963                           
0000a8f8  write_AK8963                          
0000a9e4  mpuGetGyroAccel                       
0000ae6c  read_MPU_ACEL_TMP_VF                  
0000b548  config_MPU_9250                       
0000b594  config_AK8963                         
0000b654  config_MPU_9250_VF                    
0000b69c  config_AK8963_VF                      
0000b768  read_AK8963_VF                        
0000b85c  write_AK8963_VF                       
0000b944  read_MANG_AK8963_VF                   
0000bb5c  sciEnviarDatos                        
0000bba0  sciEnviarDatos01                      
0000bbe8  hacernada                             
0000bc1c  sciNotification                       
0000bc44  spiInit                               
0000bfd4  spiSetFunctional                      
0000bff4  spiReceiveData                        
0000c110  spiGetData                            
0000c1d8  spiTransmitData                       
0000c304  spiSendData                           
0000c3cc  spiTransmitAndReceiveData             
0000c508  spiSendAndGetData                     
0000c618  SpiTxStatus                           
0000c674  SpiRxStatus                           
0000c6d0  spiEnableLoopback                     
0000c704  spiDisableLoopback                    
0000c720  spiEnableNotification                 
0000c750  spiDisableNotification                
0000c77c  spi1GetConfigValue                    
0000c90c  spi2GetConfigValue                    
0000ca9c  spi3GetConfigValue                    
0000cd30  __TI_printfi                          
0000dd48  pow                                   
0000dd48  powl                                  
0000ebac  setupPLL                              
0000ebfc  trimLPO                               
0000ec70  setupFlash                            
0000ecb0  periphInit                            
0000ed04  mapClocks                             
0000ede8  systemInit                            
0000eeb4  systemPowerDown                       
0000eee4  systemGetConfigValue                  
0000f2a4  tcmflashGetConfigValue                
0000f450  sramGetConfigValue                    
0000f58c  customTrimLPO                         
0000f64c  MPU_xTaskCreate                       
0000f6b0  MPU_xTaskCreateRestricted             
0000f6f4  MPU_vTaskAllocateMPURegions           
0000f728  MPU_vTaskDelete                       
0000f754  MPU_vTaskDelay                        
0000f780  MPU_vTaskDelayUntil                   
0000f7b4  MPU_xTaskAbortDelay                   
0000f7e8  MPU_uxTaskPriorityGet                 
0000f81c  MPU_eTaskGetState                     
0000f850  MPU_vTaskPrioritySet                  
0000f884  MPU_vTaskSuspend                      
0000f8b0  MPU_vTaskResume                       
0000f8dc  MPU_vTaskSuspendAll                   
0000f900  MPU_xTaskResumeAll                    
0000f92c  MPU_xTaskGetTickCount                 
0000f958  MPU_uxTaskGetNumberOfTasks            
0000f984  MPU_pcTaskGetName                     
0000f9b8  MPU_xTaskGetHandle                    
0000f9ec  MPU_uxTaskGetStackHighWaterMark       
0000fa20  MPU_vTaskSetThreadLocalStoragePointer 
0000fa64  MPU_pvTaskGetThreadLocalStoragePointer
0000faa8  MPU_xTaskGetIdleTaskHandle            
0000fad4  MPU_xTaskGenericNotify                
0000fb28  MPU_xTaskNotifyWait                   
0000fb7c  MPU_ulTaskNotifyTake                  
0000fbc0  MPU_xTaskNotifyStateClear             
0000fbf4  MPU_vTaskSetTimeOutState              
0000fc20  MPU_xTaskCheckForTimeOut              
0000fc64  MPU_xTaskGetSchedulerState            
0000fc90  MPU_xQueueGenericSend                 
0000fce4  MPU_xQueueGenericReceive              
0000fd38  MPU_uxQueueMessagesWaiting            
0000fd6c  MPU_uxQueueSpacesAvailable            
0000fda0  MPU_vQueueDelete                      
0000fdcc  MPU_xQueueGenericCreate               
0000fe18  MPU_xQueueGenericReset                
0000fe5c  MPU_xEventGroupCreate                 
0000fe88  MPU_xEventGroupWaitBits               
0000fee4  MPU_xEventGroupClearBits              
0000ff28  MPU_xEventGroupSetBits                
0000ff6c  MPU_xEventGroupSync                   
0000ffc0  MPU_vEventGroupDelete                 
0000ffec  hetInit                               
000100ac  pwmStart                              
000100e0  pwmStop                               
00010114  pwmSetDuty                            
00010250  pwmSetSignal                          
000103c8  pwmGetSignal                          
000104b0  pwmEnableNotification                 
000104f8  pwmDisableNotification                
00010528  edgeResetCounter                      
00010554  edgeGetCounter                        
00010580  edgeEnableNotification                
000105bc  edgeDisableNotification               
000105fc  capGetSignal                          
000106dc  hetResetTimestamp                     
000106f8  hetGetTimestamp                       
00010710  het1GetConfigValue                    
000108e8  vimInit                               
000109bc  vimChannelMap                         
00010a60  vimEnableInterrupt                    
00010bb8  vimDisableInterrupt                   
00010c3c  vimGetConfigValue                     
00011184  mibspi1LowLevelInterrupt              
000113c4  mibspi1HighLevelInterrupt             
00011604  spi3HighInterruptLevel                
000118d0  sciInit                               
000119bc  sciSetFunctional                      
000119dc  sciSetBaudrate                        
00011a94  sciIsTxReady                          
00011ab0  sciSendByte                           
00011ae0  sciSend                               
00011bb4  sciIsRxReady                          
00011bd0  sciIsIdleDetected                     
00011bec  sciRxError                            
00011c1c  sciReceiveByte                        
00011c48  sciReceive                            
00011ce8  sciEnableLoopback                     
00011d1c  sciDisableLoopback                    
00011d38  sciEnableNotification                 
00011d74  sciDisableNotification                
00011db0  sciEnterResetState                    
00011dd0  sciExitResetState                     
00011e08  scilinGetConfigValue                  
00011fb4  _errata_SSWF021_45_both_plls          
000121a8  _errata_SSWF021_45_pll1               
00012320  _errata_SSWF021_45_pll2               
00012618  esmInit                               
00012720  esmError                              
0001273c  esmEnableError                        
00012764  esmDisableError                       
0001278c  esmTriggerErrorPinReset               
0001279c  esmActivateNormalOperation            
000127ac  esmEnableInterrupt                    
000127d4  esmDisableInterrupt                   
000127fc  esmSetInterruptLevel                  
00012870  esmClearStatus                        
000128b0  esmClearStatusBuffer                  
000128cc  esmSetCounterPreloadValue             
000128ec  esmGetStatus                          
00012970  esmGetStatusBuffer                    
000129a8  esmEnterSelfTest                      
00012a30  esmSelfTestStatus                     
00012a80  esmGetConfigValue                     
00012bd4  atan                                  
00012bd4  atanl                                 
00013020  gioInit                               
000130b4  gioSetDirection                       
000130d4  gioSetBit                             
00013124  gioSetPort                            
00013144  gioGetBit                             
0001316c  gioGetPort                            
00013184  gioToggleBit                          
000131dc  gioEnableNotification                 
00013218  gioDisableNotification                
00013254  gioGetConfigValue                     
000136f0  main                                  
00013730  vEncoder                              
00013770  vMPU                                  
000138e4  vServo                                
000139e0  _coreInitRegisters_                   
00013a98  _coreInitStackPointer_                
00013ae4  _getCPSRValue_                        
00013aec  _gotoCPUIdle_                         
00013b04  _coreEnableEventBusExport_            
00013b14  _coreDisableEventBusExport_           
00013b24  _coreEnableRamEcc_                    
00013b34  _coreDisableRamEcc_                   
00013b44  _coreEnableFlashEcc_                  
00013b58  _coreDisableFlashEcc_                 
00013b68  _coreEnableIrqVicOffset_              
00013b78  _coreGetDataFault_                    
00013b80  _coreClearDataFault_                  
00013b8c  _coreGetInstructionFault_             
00013b94  _coreClearInstructionFault_           
00013ba0  _coreGetDataFaultAddress_             
00013ba8  _coreClearDataFaultAddress_           
00013bb4  _coreGetInstructionFaultAddress_      
00013bbc  _coreClearInstructionFaultAddress_    
00013bc8  _coreGetAuxiliaryDataFault_           
00013bd0  _coreClearAuxiliaryDataFault_         
00013bdc  _coreGetAuxiliaryInstructionFault_    
00013be4  _coreClearAuxiliaryInstructionFault_  
00013bf0  _disable_interrupt_                   
00013bf8  _disable_FIQ_interrupt_               
00013c00  _disable_IRQ_interrupt_               
00013c08  _enable_interrupt_                    
00013c10  _esmCcmErrorsClear_                   
00013c98  _errata_CORTEXR4_66_                  
00013ca8  __TI_PINIT_Base                       
00013cac  __TI_PINIT_Limit                      
00013f70  __aeabi_uldivmod                      
00014228  atan2                                 
00014228  atan2l                                
0001472c  vimParityErrorHandler                 
00014994  ftoa                                  
00014a6c  sltoa                                 
00014bd0  vListInitialise                       
00014c28  vListInitialiseItem                   
00014c44  vListInsertEnd                        
00014cb8  vListInsert                           
00014d7c  uxListRemove                          
00014e08  _c_int00                              
00015024  __aeabi_dsub                          
00015030  __aeabi_dadd                          
00015238  sqrt                                  
00015238  sqrtl                                 
00015934  pwmSetSignal10e3                      
00015acc  __aeabi_ddiv                          
00015c5c  __aeabi_memcpy                        
00015c5c  __aeabi_memcpy4                       
00015c5c  __aeabi_memcpy8                       
00015c5c  memcpy                                
00015ec4  xTaskNotifyStateClear                 
00015f40  floor                                 
00015f40  floorl                                
00016098  muxInit                               
00016120  pinmuxGetConfigValue                  
000161ec  __aeabi_fsub                          
000161f0  __aeabi_fadd                          
00016320  __aeabi_dmul                          
00016448  ldexp                                 
00016448  ldexpl                                
00016448  scalbn                                
00016448  scalbnl                               
00016680  esmGroup1Notification                 
00016690  esmGroup2Notification                 
000166a0  memoryPort0TestFailNotification       
000166bc  memoryPort1TestFailNotification       
000166d8  adcNotification                       
000166ec  gioNotification                       
00016714  spiNotification                       
00016728  spiEndNotification                    
00016738  pwmNotification                       
00016750  edgeNotification                      
00016764  hetNotification                       
00016778  esmHighInterrupt                      
00016864  _dabort                               
0001694c  __aeabi_cdcmpeq                       
0001694c  __aeabi_cdcmple                       
00016a2c  __aeabi_cdrcmple                      
00016b0c  _pmuInit_                             
00016b58  _pmuEnableCountersGlobal_             
00016b68  _pmuDisableCountersGlobal_            
00016b78  _pmuResetCycleCounter_                
00016b88  _pmuResetEventCounters_               
00016b98  _pmuResetCounters_                    
00016ba8  _pmuStartCounters_                    
00016bb0  _pmuStopCounters_                     
00016bb8  _pmuSetCountEvent_                    
00016bc4  _pmuGetCycleCount_                    
00016bcc  _pmuGetEventCount_                    
00016bd8  _pmuGetOverflow_                      
00016bec  EncoderInit                           
00016c20  EncoderRead                           
00016d90  __aeabi_memclr                        
00016d90  __aeabi_memclr4                       
00016d90  __aeabi_memclr8                       
00016d94  __aeabi_memset                        
00016d94  __aeabi_memset4                       
00016d94  __aeabi_memset8                       
00016da0  memset                                
00016e40  __aeabi_fmul                          
00016ee8  __aeabi_d2f                           
0001701c  __TI_decompress_lzss                  
000170ac  __aeabi_cfcmpeq                       
000170ac  __aeabi_cfcmple                       
000171b8  atoi                                  
0001723c  ltoa                                  
000172bc  frexp                                 
000172bc  frexpl                                
00017338  __TI_auto_init_nobinit_nopinit        
00017404  sprintf                               
00017468  __aeabi_d2iz                          
000174c4  __aeabi_f2d                           
00017520  __aeabi_d2uiz                         
00017578  __aeabi_idiv                          
00017578  __aeabi_idivmod                       
000175cc  __aeabi_uidiv                         
000175cc  __aeabi_uidivmod                      
0001761c  __aeabi_f2iz                          
00017668  __aeabi_i2f                           
000176b4  __aeabi_i2d                           
000176f0  __aeabi_ui2d                          
00017754  memccpy                               
00017780  strchr                                
000177a8  wcslen                                
000177cc  strlen                                
00017800  __TI_decompress_none                  
00017814  __TI_zero_init                        
00017824  __aeabi_errno_addr                    
00017830  copysign                              
00017830  copysignl                             
0001783c  C$$EXIT                               
0001783c  abort                                 
00017844  phantomInterrupt                      
00017848  __aeabi_idiv0                         
00017848  __aeabi_ldiv0                         
0001784c  handlePLLLockFail                     
00017d70  _ctypes_                              
080008d0  pxCurrentTCB                          
08003048  command                               
08003090  STABILIZER                            
080030ac  SPI1_data_configCh0                   
080030c0  AK8963ReadOut                         
080030d6  ComandoSPI                            
080030de  DatoSPI01                             
080030f0  ulCriticalNesting                     
080030f4  ulTaskHasFPUContext                   
080030f8  errno                                 
ffffffff  __TI_pprof_out_hndl                   
ffffffff  __TI_prof_data_size                   
ffffffff  __TI_prof_data_start                  
ffffffff  __binit__                             
ffffffff  __c_args__                            
ffffffff  binit                                 
UNDEFED   SHT$$INIT_ARRAY$$Base                 
UNDEFED   SHT$$INIT_ARRAY$$Limit                
UNDEFED   _system_post_cinit                    

[465 symbols]
